../Core/Src/oled_Interface.c:17:9:SSD1306_Init	16	static
../Core/Src/oled_Interface.c:83:6:SSD1306_Clear	8	static
../Core/Src/oled_Interface.c:88:6:SSD1306_ON	8	static
../Core/Src/oled_Interface.c:93:6:SSD1306_OFF	8	static
../Core/Src/oled_Interface.c:100:6:SSD1306_ScrollRight	16	static
../Core/Src/oled_Interface.c:113:6:SSD1306_ScrollLeft	16	static
../Core/Src/oled_Interface.c:126:6:SSD1306_Scrolldiagright	16	static
../Core/Src/oled_Interface.c:142:6:SSD1306_Scrolldiagleft	16	static
../Core/Src/oled_Interface.c:158:6:SSD1306_Stopscroll	8	static
../Core/Src/oled_Interface.c:165:6:SSD1306_InvertDisplay	16	static
../Core/Src/oled_Interface.c:183:6:ssd1306_I2C_Init	16	static
../Core/Src/oled_Interface.c:195:6:ssd1306_I2C_Write	32	static
