../Core/Src/oled_Interface.c:14:9:SSD1306_Init	16	static
../Core/Src/oled_Interface.c:68:6:SSD1306_Clear	8	static
../Core/Src/oled_Interface.c:73:6:SSD1306_ON	8	static
../Core/Src/oled_Interface.c:78:6:SSD1306_OFF	8	static
../Core/Src/oled_Interface.c:85:6:SSD1306_ScrollRight	16	static
../Core/Src/oled_Interface.c:98:6:SSD1306_ScrollLeft	16	static
../Core/Src/oled_Interface.c:111:6:SSD1306_Scrolldiagright	16	static
../Core/Src/oled_Interface.c:127:6:SSD1306_Scrolldiagleft	16	static
../Core/Src/oled_Interface.c:143:6:SSD1306_Stopscroll	8	static
../Core/Src/oled_Interface.c:150:6:SSD1306_InvertDisplay	16	static
../Core/Src/oled_Interface.c:168:6:ssd1306_I2C_Init	16	static
../Core/Src/oled_Interface.c:180:6:ssd1306_I2C_Write	32	static
