Archive member included to satisfy reference by file (symbol)

d:/stm32cubeide_1.11.2/stm32cubeide/plugins/com.st.stm32cube.ide.mcu.externaltools.gnu-tools-for-stm32.10.3-2021.10.win32_1.0.100.202210260954/tools/bin/../lib/gcc/arm-none-eabi/10.3.1/../../../../arm-none-eabi/lib/thumb/v7e-m+fp/hard\libc_nano.a(lib_a-errno.o)
                              ./Core/Src/syscalls.o (__errno)
d:/stm32cubeide_1.11.2/stm32cubeide/plugins/com.st.stm32cube.ide.mcu.externaltools.gnu-tools-for-stm32.10.3-2021.10.win32_1.0.100.202210260954/tools/bin/../lib/gcc/arm-none-eabi/10.3.1/../../../../arm-none-eabi/lib/thumb/v7e-m+fp/hard\libc_nano.a(lib_a-exit.o)
                              d:/stm32cubeide_1.11.2/stm32cubeide/plugins/com.st.stm32cube.ide.mcu.externaltools.gnu-tools-for-stm32.10.3-2021.10.win32_1.0.100.202210260954/tools/bin/../lib/gcc/arm-none-eabi/10.3.1/../../../../arm-none-eabi/lib/thumb/v7e-m+fp/hard/crt0.o (exit)
d:/stm32cubeide_1.11.2/stm32cubeide/plugins/com.st.stm32cube.ide.mcu.externaltools.gnu-tools-for-stm32.10.3-2021.10.win32_1.0.100.202210260954/tools/bin/../lib/gcc/arm-none-eabi/10.3.1/../../../../arm-none-eabi/lib/thumb/v7e-m+fp/hard\libc_nano.a(lib_a-impure.o)
                              d:/stm32cubeide_1.11.2/stm32cubeide/plugins/com.st.stm32cube.ide.mcu.externaltools.gnu-tools-for-stm32.10.3-2021.10.win32_1.0.100.202210260954/tools/bin/../lib/gcc/arm-none-eabi/10.3.1/../../../../arm-none-eabi/lib/thumb/v7e-m+fp/hard\libc_nano.a(lib_a-exit.o) (_global_impure_ptr)
d:/stm32cubeide_1.11.2/stm32cubeide/plugins/com.st.stm32cube.ide.mcu.externaltools.gnu-tools-for-stm32.10.3-2021.10.win32_1.0.100.202210260954/tools/bin/../lib/gcc/arm-none-eabi/10.3.1/../../../../arm-none-eabi/lib/thumb/v7e-m+fp/hard\libc_nano.a(lib_a-init.o)
                              d:/stm32cubeide_1.11.2/stm32cubeide/plugins/com.st.stm32cube.ide.mcu.externaltools.gnu-tools-for-stm32.10.3-2021.10.win32_1.0.100.202210260954/tools/bin/../lib/gcc/arm-none-eabi/10.3.1/../../../../arm-none-eabi/lib/thumb/v7e-m+fp/hard/crt0.o (__libc_init_array)
d:/stm32cubeide_1.11.2/stm32cubeide/plugins/com.st.stm32cube.ide.mcu.externaltools.gnu-tools-for-stm32.10.3-2021.10.win32_1.0.100.202210260954/tools/bin/../lib/gcc/arm-none-eabi/10.3.1/../../../../arm-none-eabi/lib/thumb/v7e-m+fp/hard\libc_nano.a(lib_a-memcpy-stub.o)
                              ./Core/Src/oled_gram.o (memcpy)
d:/stm32cubeide_1.11.2/stm32cubeide/plugins/com.st.stm32cube.ide.mcu.externaltools.gnu-tools-for-stm32.10.3-2021.10.win32_1.0.100.202210260954/tools/bin/../lib/gcc/arm-none-eabi/10.3.1/../../../../arm-none-eabi/lib/thumb/v7e-m+fp/hard\libc_nano.a(lib_a-memset.o)
                              d:/stm32cubeide_1.11.2/stm32cubeide/plugins/com.st.stm32cube.ide.mcu.externaltools.gnu-tools-for-stm32.10.3-2021.10.win32_1.0.100.202210260954/tools/bin/../lib/gcc/arm-none-eabi/10.3.1/../../../../arm-none-eabi/lib/thumb/v7e-m+fp/hard/crt0.o (memset)
d:/stm32cubeide_1.11.2/stm32cubeide/plugins/com.st.stm32cube.ide.mcu.externaltools.gnu-tools-for-stm32.10.3-2021.10.win32_1.0.100.202210260954/tools/bin/../lib/gcc/arm-none-eabi/10.3.1/../../../../arm-none-eabi/lib/thumb/v7e-m+fp/hard\libc_nano.a(lib_a-strlen.o)
                              ./Core/Src/oled_fonts.o (strlen)
d:/stm32cubeide_1.11.2/stm32cubeide/plugins/com.st.stm32cube.ide.mcu.externaltools.gnu-tools-for-stm32.10.3-2021.10.win32_1.0.100.202210260954/tools/bin/../lib/gcc/arm-none-eabi/10.3.1/thumb/v7e-m+fp/hard\libgcc.a(_aeabi_uldivmod.o)
                              ./Drivers/STM32F4xx_HAL_Driver/Src/stm32f4xx_hal_rcc.o (__aeabi_uldivmod)
d:/stm32cubeide_1.11.2/stm32cubeide/plugins/com.st.stm32cube.ide.mcu.externaltools.gnu-tools-for-stm32.10.3-2021.10.win32_1.0.100.202210260954/tools/bin/../lib/gcc/arm-none-eabi/10.3.1/thumb/v7e-m+fp/hard\libgcc.a(_udivmoddi4.o)
                              d:/stm32cubeide_1.11.2/stm32cubeide/plugins/com.st.stm32cube.ide.mcu.externaltools.gnu-tools-for-stm32.10.3-2021.10.win32_1.0.100.202210260954/tools/bin/../lib/gcc/arm-none-eabi/10.3.1/thumb/v7e-m+fp/hard\libgcc.a(_aeabi_uldivmod.o) (__udivmoddi4)
d:/stm32cubeide_1.11.2/stm32cubeide/plugins/com.st.stm32cube.ide.mcu.externaltools.gnu-tools-for-stm32.10.3-2021.10.win32_1.0.100.202210260954/tools/bin/../lib/gcc/arm-none-eabi/10.3.1/thumb/v7e-m+fp/hard\libgcc.a(_dvmd_tls.o)
                              d:/stm32cubeide_1.11.2/stm32cubeide/plugins/com.st.stm32cube.ide.mcu.externaltools.gnu-tools-for-stm32.10.3-2021.10.win32_1.0.100.202210260954/tools/bin/../lib/gcc/arm-none-eabi/10.3.1/thumb/v7e-m+fp/hard\libgcc.a(_aeabi_uldivmod.o) (__aeabi_ldiv0)

Discarded input sections

 .text          0x0000000000000000        0x0 d:/stm32cubeide_1.11.2/stm32cubeide/plugins/com.st.stm32cube.ide.mcu.externaltools.gnu-tools-for-stm32.10.3-2021.10.win32_1.0.100.202210260954/tools/bin/../lib/gcc/arm-none-eabi/10.3.1/thumb/v7e-m+fp/hard/crti.o
[...]
Memory Configuration

Name             Origin             Length             Attributes
RAM              0x0000000020000000 0x0000000000020000 xrw
FLASH            0x0000000008000000 0x0000000000080000 xr
*default*        0x0000000000000000 0xffffffffffffffff

Linker script and memory map

LOAD d:/stm32cubeide_1.11.2/stm32cubeide/plugins/com.st.stm32cube.ide.mcu.externaltools.gnu-tools-for-stm32.10.3-2021.10.win32_1.0.100.202210260954/tools/bin/../lib/gcc/arm-none-eabi/10.3.1/thumb/v7e-m+fp/hard/crti.o
LOAD d:/stm32cubeide_1.11.2/stm32cubeide/plugins/com.st.stm32cube.ide.mcu.externaltools.gnu-tools-for-stm32.10.3-2021.10.win32_1.0.100.202210260954/tools/bin/../lib/gcc/arm-none-eabi/10.3.1/thumb/v7e-m+fp/hard/crtbegin.o
LOAD d:/stm32cubeide_1.11.2/stm32cubeide/plugins/com.st.stm32cube.ide.mcu.externaltools.gnu-tools-for-stm32.10.3-2021.10.win32_1.0.100.202210260954/tools/bin/../lib/gcc/arm-none-eabi/10.3.1/../../../../arm-none-eabi/lib/thumb/v7e-m+fp/hard/crt0.o
LOAD ./Core/Src/Arial8.o
LOAD ./Core/Src/Arial_new.o
LOAD ./Core/Src/Font.o
LOAD ./Core/Src/font_arial_14pt.o
LOAD ./Core/Src/main.o
LOAD ./Core/Src/oled_fonts.o
LOAD ./Core/Src/oled_functions.o
LOAD ./Core/Src/oled_gram.o
LOAD ./Core/Src/oled_init.o
LOAD ./Core/Src/stm32f4xx_hal_msp.o
LOAD ./Core/Src/stm32f4xx_it.o
LOAD ./Core/Src/syscalls.o
LOAD ./Core/Src/sysmem.o
LOAD ./Core/Src/system_stm32f4xx.o
LOAD ./Core/Startup/startup_stm32f411retx.o
LOAD ./Drivers/STM32F4xx_HAL_Driver/Src/stm32f4xx_hal.o
LOAD ./Drivers/STM32F4xx_HAL_Driver/Src/stm32f4xx_hal_cortex.o
LOAD ./Drivers/STM32F4xx_HAL_Driver/Src/stm32f4xx_hal_dma.o
LOAD ./Drivers/STM32F4xx_HAL_Driver/Src/stm32f4xx_hal_dma_ex.o
LOAD ./Drivers/STM32F4xx_HAL_Driver/Src/stm32f4xx_hal_exti.o
LOAD ./Drivers/STM32F4xx_HAL_Driver/Src/stm32f4xx_hal_flash.o
LOAD ./Drivers/STM32F4xx_HAL_Driver/Src/stm32f4xx_hal_flash_ex.o
LOAD ./Drivers/STM32F4xx_HAL_Driver/Src/stm32f4xx_hal_flash_ramfunc.o
LOAD ./Drivers/STM32F4xx_HAL_Driver/Src/stm32f4xx_hal_gpio.o
LOAD ./Drivers/STM32F4xx_HAL_Driver/Src/stm32f4xx_hal_i2c.o
LOAD ./Drivers/STM32F4xx_HAL_Driver/Src/stm32f4xx_hal_i2c_ex.o
LOAD ./Drivers/STM32F4xx_HAL_Driver/Src/stm32f4xx_hal_pwr.o
LOAD ./Drivers/STM32F4xx_HAL_Driver/Src/stm32f4xx_hal_pwr_ex.o
LOAD ./Drivers/STM32F4xx_HAL_Driver/Src/stm32f4xx_hal_rcc.o
LOAD ./Drivers/STM32F4xx_HAL_Driver/Src/stm32f4xx_hal_rcc_ex.o
LOAD ./Drivers/STM32F4xx_HAL_Driver/Src/stm32f4xx_hal_spi.o
LOAD ./Drivers/STM32F4xx_HAL_Driver/Src/stm32f4xx_hal_tim.o
LOAD ./Drivers/STM32F4xx_HAL_Driver/Src/stm32f4xx_hal_tim_ex.o
LOAD ./Drivers/STM32F4xx_HAL_Driver/Src/stm32f4xx_hal_uart.o
START GROUP
LOAD d:/stm32cubeide_1.11.2/stm32cubeide/plugins/com.st.stm32cube.ide.mcu.externaltools.gnu-tools-for-stm32.10.3-2021.10.win32_1.0.100.202210260954/tools/bin/../lib/gcc/arm-none-eabi/10.3.1/../../../../arm-none-eabi/lib/thumb/v7e-m+fp/hard\libc_nano.a
LOAD d:/stm32cubeide_1.11.2/stm32cubeide/plugins/com.st.stm32cube.ide.mcu.externaltools.gnu-tools-for-stm32.10.3-2021.10.win32_1.0.100.202210260954/tools/bin/../lib/gcc/arm-none-eabi/10.3.1/../../../../arm-none-eabi/lib/thumb/v7e-m+fp/hard\libm.a
END GROUP
START GROUP
LOAD d:/stm32cubeide_1.11.2/stm32cubeide/plugins/com.st.stm32cube.ide.mcu.externaltools.gnu-tools-for-stm32.10.3-2021.10.win32_1.0.100.202210260954/tools/bin/../lib/gcc/arm-none-eabi/10.3.1/thumb/v7e-m+fp/hard\libgcc.a
LOAD d:/stm32cubeide_1.11.2/stm32cubeide/plugins/com.st.stm32cube.ide.mcu.externaltools.gnu-tools-for-stm32.10.3-2021.10.win32_1.0.100.202210260954/tools/bin/../lib/gcc/arm-none-eabi/10.3.1/../../../../arm-none-eabi/lib/thumb/v7e-m+fp/hard\libc_nano.a
END GROUP
START GROUP
LOAD d:/stm32cubeide_1.11.2/stm32cubeide/plugins/com.st.stm32cube.ide.mcu.externaltools.gnu-tools-for-stm32.10.3-2021.10.win32_1.0.100.202210260954/tools/bin/../lib/gcc/arm-none-eabi/10.3.1/thumb/v7e-m+fp/hard\libgcc.a
LOAD d:/stm32cubeide_1.11.2/stm32cubeide/plugins/com.st.stm32cube.ide.mcu.externaltools.gnu-tools-for-stm32.10.3-2021.10.win32_1.0.100.202210260954/tools/bin/../lib/gcc/arm-none-eabi/10.3.1/../../../../arm-none-eabi/lib/thumb/v7e-m+fp/hard\libc_nano.a
LOAD d:/stm32cubeide_1.11.2/stm32cubeide/plugins/com.st.stm32cube.ide.mcu.externaltools.gnu-tools-for-stm32.10.3-2021.10.win32_1.0.100.202210260954/tools/bin/../lib/gcc/arm-none-eabi/10.3.1/../../../../arm-none-eabi/lib/thumb/v7e-m+fp/hard\libnosys.a
END GROUP
START GROUP
LOAD d:/stm32cubeide_1.11.2/stm32cubeide/plugins/com.st.stm32cube.ide.mcu.externaltools.gnu-tools-for-stm32.10.3-2021.10.win32_1.0.100.202210260954/tools/bin/../lib/gcc/arm-none-eabi/10.3.1/thumb/v7e-m+fp/hard\libgcc.a
LOAD d:/stm32cubeide_1.11.2/stm32cubeide/plugins/com.st.stm32cube.ide.mcu.externaltools.gnu-tools-for-stm32.10.3-2021.10.win32_1.0.100.202210260954/tools/bin/../lib/gcc/arm-none-eabi/10.3.1/../../../../arm-none-eabi/lib/thumb/v7e-m+fp/hard\libc_nano.a
LOAD d:/stm32cubeide_1.11.2/stm32cubeide/plugins/com.st.stm32cube.ide.mcu.externaltools.gnu-tools-for-stm32.10.3-2021.10.win32_1.0.100.202210260954/tools/bin/../lib/gcc/arm-none-eabi/10.3.1/../../../../arm-none-eabi/lib/thumb/v7e-m+fp/hard\libnosys.a
END GROUP
LOAD d:/stm32cubeide_1.11.2/stm32cubeide/plugins/com.st.stm32cube.ide.mcu.externaltools.gnu-tools-for-stm32.10.3-2021.10.win32_1.0.100.202210260954/tools/bin/../lib/gcc/arm-none-eabi/10.3.1/thumb/v7e-m+fp/hard/crtend.o
LOAD d:/stm32cubeide_1.11.2/stm32cubeide/plugins/com.st.stm32cube.ide.mcu.externaltools.gnu-tools-for-stm32.10.3-2021.10.win32_1.0.100.202210260954/tools/bin/../lib/gcc/arm-none-eabi/10.3.1/thumb/v7e-m+fp/hard/crtn.o
                0x0000000020020000                _estack = (ORIGIN (RAM) + LENGTH (RAM))
                0x0000000000000200                _Min_Heap_Size = 0x200
                0x0000000000000400                _Min_Stack_Size = 0x400

.isr_vector     0x0000000008000000      0x198
                0x0000000008000000                . = ALIGN (0x4)
 *(.isr_vector)
 .isr_vector    0x0000000008000000      0x198 ./Core/Startup/startup_stm32f411retx.o
                0x0000000008000000                g_pfnVectors
                0x0000000008000198                . = ALIGN (0x4)

.text           0x0000000008000198     0x398c
                0x0000000008000198                . = ALIGN (0x4)
 *(.text)
 .text          0x0000000008000198       0x40 d:/stm32cubeide_1.11.2/stm32cubeide/plugins/com.st.stm32cube.ide.mcu.externaltools.gnu-tools-for-stm32.10.3-2021.10.win32_1.0.100.202210260954/tools/bin/../lib/gcc/arm-none-eabi/10.3.1/thumb/v7e-m+fp/hard/crtbegin.o
 .text          0x00000000080001d8       0x30 d:/stm32cubeide_1.11.2/stm32cubeide/plugins/com.st.stm32cube.ide.mcu.externaltools.gnu-tools-for-stm32.10.3-2021.10.win32_1.0.100.202210260954/tools/bin/../lib/gcc/arm-none-eabi/10.3.1/thumb/v7e-m+fp/hard\libgcc.a(_aeabi_uldivmod.o)
                0x00000000080001d8                __aeabi_uldivmod
 .text          0x0000000008000208      0x2d0 d:/stm32cubeide_1.11.2/stm32cubeide/plugins/com.st.stm32cube.ide.mcu.externaltools.gnu-tools-for-stm32.10.3-2021.10.win32_1.0.100.202210260954/tools/bin/../lib/gcc/arm-none-eabi/10.3.1/thumb/v7e-m+fp/hard\libgcc.a(_udivmoddi4.o)
                0x0000000008000208                __udivmoddi4
 .text          0x00000000080004d8        0x4 d:/stm32cubeide_1.11.2/stm32cubeide/plugins/com.st.stm32cube.ide.mcu.externaltools.gnu-tools-for-stm32.10.3-2021.10.win32_1.0.100.202210260954/tools/bin/../lib/gcc/arm-none-eabi/10.3.1/thumb/v7e-m+fp/hard\libgcc.a(_dvmd_tls.o)
                0x00000000080004d8                __aeabi_idiv0
                0x00000000080004d8                __aeabi_ldiv0
 *(.text*)
 .text.main     0x00000000080004dc       0xdc ./Core/Src/main.o
                0x00000000080004dc                main
 .text.SystemClock_Config
                0x00000000080005b8       0xd4 ./Core/Src/main.o
                0x00000000080005b8                SystemClock_Config
 .text.MX_I2C1_Init
                0x000000000800068c       0x5c ./Core/Src/main.o
 .text.MX_SPI2_Init
                0x00000000080006e8       0x6c ./Core/Src/main.o
 .text.MX_USART2_UART_Init
                0x0000000008000754       0x54 ./Core/Src/main.o
 .text.MX_GPIO_Init
                0x00000000080007a8      0x130 ./Core/Src/main.o
 .text.Error_Handler
                0x00000000080008d8        0xa ./Core/Src/main.o
                0x00000000080008d8                Error_Handler
 .text.SSD1306_DrawBitmap
                0x00000000080008e2       0xd0 ./Core/Src/oled_functions.o
                0x00000000080008e2                SSD1306_DrawBitmap
 .text.SSD1306_Putc
                0x00000000080009b2      0x12c ./Core/Src/oled_functions.o
                0x00000000080009b2                SSD1306_Putc
 .text.SSD1306_Puts
                0x0000000008000ade       0x4a ./Core/Src/oled_functions.o
                0x0000000008000ade                SSD1306_Puts
 .text.SSD1306_DrawLine
                0x0000000008000b28      0x1f6 ./Core/Src/oled_functions.o
                0x0000000008000b28                SSD1306_DrawLine
 .text.SSD1306_DrawRectangle
                0x0000000008000d1e       0xd4 ./Core/Src/oled_functions.o
                0x0000000008000d1e                SSD1306_DrawRectangle
 .text.SSD1306_DrawTriangle
                0x0000000008000df2       0x62 ./Core/Src/oled_functions.o
                0x0000000008000df2                SSD1306_DrawTriangle
 .text.SSD1306_DrawFilledTriangle
                0x0000000008000e54      0x184 ./Core/Src/oled_functions.o
                0x0000000008000e54                SSD1306_DrawFilledTriangle
 .text.SSD1306_DrawCircle
                0x0000000008000fd8      0x1a8 ./Core/Src/oled_functions.o
                0x0000000008000fd8                SSD1306_DrawCircle
 .text.SSD1306_SetXY
                0x0000000008001180       0x2c ./Core/Src/oled_gram.o
                0x0000000008001180                SSD1306_SetXY
 .text.SSD1306_GetXY
                0x00000000080011ac       0x2c ./Core/Src/oled_gram.o
                0x00000000080011ac                SSD1306_GetXY
 .text.SSD1306_GetBufor
                0x00000000080011d8       0x28 ./Core/Src/oled_gram.o
                0x00000000080011d8                SSD1306_GetBufor
 .text.SSD1306_ResetStructure
                0x0000000008001200       0x2c ./Core/Src/oled_gram.o
                0x0000000008001200                SSD1306_ResetStructure
 .text.SSD1306_ToggleInvert
                0x000000000800122c       0x54 ./Core/Src/oled_gram.o
                0x000000000800122c                SSD1306_ToggleInvert
 .text.SSD1306_Fill
                0x0000000008001280       0x48 ./Core/Src/oled_gram.o
                0x0000000008001280                SSD1306_Fill
 .text.SSD1306_DrawPixel
                0x00000000080012c8       0xc0 ./Core/Src/oled_gram.o
                0x00000000080012c8                SSD1306_DrawPixel
 .text.SSD1306_Init
                0x0000000008001388      0x174 ./Core/Src/oled_init.o
                0x0000000008001388                SSD1306_Init
 .text.SSD1306_UpdateScreen
                0x00000000080014fc       0x70 ./Core/Src/oled_init.o
                0x00000000080014fc                SSD1306_UpdateScreen
 .text.ssd1306_I2C_Init
                0x000000000800156c       0x2c ./Core/Src/oled_init.o
                0x000000000800156c                ssd1306_I2C_Init
 .text.ssd1306_I2C_WriteMulti
                0x0000000008001598       0xcc ./Core/Src/oled_init.o
                0x0000000008001598                ssd1306_I2C_WriteMulti
 .text.ssd1306_I2C_Write
                0x0000000008001664       0x3c ./Core/Src/oled_init.o
                0x0000000008001664                ssd1306_I2C_Write
 .text.HAL_MspInit
                0x00000000080016a0       0x50 ./Core/Src/stm32f4xx_hal_msp.o
                0x00000000080016a0                HAL_MspInit
 .text.HAL_I2C_MspInit
                0x00000000080016f0       0x90 ./Core/Src/stm32f4xx_hal_msp.o
                0x00000000080016f0                HAL_I2C_MspInit
 .text.HAL_SPI_MspInit
                0x0000000008001780       0xd0 ./Core/Src/stm32f4xx_hal_msp.o
                0x0000000008001780                HAL_SPI_MspInit
 .text.HAL_UART_MspInit
                0x0000000008001850       0x90 ./Core/Src/stm32f4xx_hal_msp.o
                0x0000000008001850                HAL_UART_MspInit
 .text.NMI_Handler
                0x00000000080018e0        0x6 ./Core/Src/stm32f4xx_it.o
                0x00000000080018e0                NMI_Handler
 .text.HardFault_Handler
                0x00000000080018e6        0x6 ./Core/Src/stm32f4xx_it.o
                0x00000000080018e6                HardFault_Handler
 .text.MemManage_Handler
                0x00000000080018ec        0x6 ./Core/Src/stm32f4xx_it.o
                0x00000000080018ec                MemManage_Handler
 .text.BusFault_Handler
                0x00000000080018f2        0x6 ./Core/Src/stm32f4xx_it.o
                0x00000000080018f2                BusFault_Handler
 .text.UsageFault_Handler
                0x00000000080018f8        0x6 ./Core/Src/stm32f4xx_it.o
                0x00000000080018f8                UsageFault_Handler
 .text.SVC_Handler
                0x00000000080018fe        0xe ./Core/Src/stm32f4xx_it.o
                0x00000000080018fe                SVC_Handler
 .text.DebugMon_Handler
                0x000000000800190c        0xe ./Core/Src/stm32f4xx_it.o
                0x000000000800190c                DebugMon_Handler
 .text.PendSV_Handler
                0x000000000800191a        0xe ./Core/Src/stm32f4xx_it.o
                0x000000000800191a                PendSV_Handler
 .text.SysTick_Handler
                0x0000000008001928        0xc ./Core/Src/stm32f4xx_it.o
                0x0000000008001928                SysTick_Handler
 .text.SystemInit
                0x0000000008001934       0x24 ./Core/Src/system_stm32f4xx.o
                0x0000000008001934                SystemInit
 .text.Reset_Handler
                0x0000000008001958       0x50 ./Core/Startup/startup_stm32f411retx.o
                0x0000000008001958                Reset_Handler
 .text.Default_Handler
                0x00000000080019a8        0x2 ./Core/Startup/startup_stm32f411retx.o
                0x00000000080019a8                RTC_Alarm_IRQHandler
                0x00000000080019a8                EXTI2_IRQHandler
                0x00000000080019a8                SPI4_IRQHandler
                0x00000000080019a8                TIM1_CC_IRQHandler
                0x00000000080019a8                DMA2_Stream5_IRQHandler
                0x00000000080019a8                DMA1_Stream5_IRQHandler
                0x00000000080019a8                PVD_IRQHandler
                0x00000000080019a8                SDIO_IRQHandler
                0x00000000080019a8                TAMP_STAMP_IRQHandler
                0x00000000080019a8                EXTI3_IRQHandler
                0x00000000080019a8                TIM1_UP_TIM10_IRQHandler
                0x00000000080019a8                I2C3_ER_IRQHandler
                0x00000000080019a8                EXTI0_IRQHandler
                0x00000000080019a8                I2C2_EV_IRQHandler
                0x00000000080019a8                DMA1_Stream2_IRQHandler
                0x00000000080019a8                FPU_IRQHandler
                0x00000000080019a8                DMA2_Stream2_IRQHandler
                0x00000000080019a8                SPI1_IRQHandler
                0x00000000080019a8                TIM1_BRK_TIM9_IRQHandler
                0x00000000080019a8                DMA2_Stream3_IRQHandler
                0x00000000080019a8                USART6_IRQHandler
                0x00000000080019a8                DMA2_Stream0_IRQHandler
                0x00000000080019a8                TIM4_IRQHandler
                0x00000000080019a8                I2C1_EV_IRQHandler
                0x00000000080019a8                DMA1_Stream6_IRQHandler
                0x00000000080019a8                DMA1_Stream1_IRQHandler
                0x00000000080019a8                TIM3_IRQHandler
                0x00000000080019a8                RCC_IRQHandler
                0x00000000080019a8                Default_Handler
                0x00000000080019a8                EXTI15_10_IRQHandler
                0x00000000080019a8                ADC_IRQHandler
                0x00000000080019a8                DMA1_Stream7_IRQHandler
                0x00000000080019a8                SPI5_IRQHandler
                0x00000000080019a8                TIM5_IRQHandler
                0x00000000080019a8                DMA2_Stream7_IRQHandler
                0x00000000080019a8                I2C3_EV_IRQHandler
                0x00000000080019a8                EXTI9_5_IRQHandler
                0x00000000080019a8                RTC_WKUP_IRQHandler
                0x00000000080019a8                SPI2_IRQHandler
                0x00000000080019a8                DMA1_Stream0_IRQHandler
                0x00000000080019a8                EXTI4_IRQHandler
                0x00000000080019a8                WWDG_IRQHandler
                0x00000000080019a8                TIM2_IRQHandler
                0x00000000080019a8                OTG_FS_WKUP_IRQHandler
                0x00000000080019a8                TIM1_TRG_COM_TIM11_IRQHandler
                0x00000000080019a8                EXTI1_IRQHandler
                0x00000000080019a8                USART2_IRQHandler
                0x00000000080019a8                I2C2_ER_IRQHandler
                0x00000000080019a8                DMA2_Stream1_IRQHandler
                0x00000000080019a8                FLASH_IRQHandler
                0x00000000080019a8                DMA2_Stream4_IRQHandler
                0x00000000080019a8                USART1_IRQHandler
                0x00000000080019a8                OTG_FS_IRQHandler
                0x00000000080019a8                SPI3_IRQHandler
                0x00000000080019a8                DMA1_Stream4_IRQHandler
                0x00000000080019a8                I2C1_ER_IRQHandler
                0x00000000080019a8                DMA2_Stream6_IRQHandler
                0x00000000080019a8                DMA1_Stream3_IRQHandler
 *fill*         0x00000000080019aa        0x2 
 .text.HAL_Init
                0x00000000080019ac       0x44 ./Drivers/STM32F4xx_HAL_Driver/Src/stm32f4xx_hal.o
                0x00000000080019ac                HAL_Init
 .text.HAL_InitTick
                0x00000000080019f0       0x60 ./Drivers/STM32F4xx_HAL_Driver/Src/stm32f4xx_hal.o
                0x00000000080019f0                HAL_InitTick
 .text.HAL_IncTick
                0x0000000008001a50       0x28 ./Drivers/STM32F4xx_HAL_Driver/Src/stm32f4xx_hal.o
                0x0000000008001a50                HAL_IncTick
 .text.HAL_GetTick
                0x0000000008001a78       0x18 ./Drivers/STM32F4xx_HAL_Driver/Src/stm32f4xx_hal.o
                0x0000000008001a78                HAL_GetTick
 .text.HAL_Delay
                0x0000000008001a90       0x48 ./Drivers/STM32F4xx_HAL_Driver/Src/stm32f4xx_hal.o
                0x0000000008001a90                HAL_Delay
 .text.__NVIC_SetPriorityGrouping
                0x0000000008001ad8       0x48 ./Drivers/STM32F4xx_HAL_Driver/Src/stm32f4xx_hal_cortex.o
 .text.__NVIC_GetPriorityGrouping
                0x0000000008001b20       0x1c ./Drivers/STM32F4xx_HAL_Driver/Src/stm32f4xx_hal_cortex.o
 .text.__NVIC_SetPriority
                0x0000000008001b3c       0x54 ./Drivers/STM32F4xx_HAL_Driver/Src/stm32f4xx_hal_cortex.o
 .text.NVIC_EncodePriority
                0x0000000008001b90       0x66 ./Drivers/STM32F4xx_HAL_Driver/Src/stm32f4xx_hal_cortex.o
 *fill*         0x0000000008001bf6        0x2 
 .text.SysTick_Config
                0x0000000008001bf8       0x44 ./Drivers/STM32F4xx_HAL_Driver/Src/stm32f4xx_hal_cortex.o
 .text.HAL_NVIC_SetPriorityGrouping
                0x0000000008001c3c       0x16 ./Drivers/STM32F4xx_HAL_Driver/Src/stm32f4xx_hal_cortex.o
                0x0000000008001c3c                HAL_NVIC_SetPriorityGrouping
 .text.HAL_NVIC_SetPriority
                0x0000000008001c52       0x38 ./Drivers/STM32F4xx_HAL_Driver/Src/stm32f4xx_hal_cortex.o
                0x0000000008001c52                HAL_NVIC_SetPriority
 .text.HAL_SYSTICK_Config
                0x0000000008001c8a       0x18 ./Drivers/STM32F4xx_HAL_Driver/Src/stm32f4xx_hal_cortex.o
                0x0000000008001c8a                HAL_SYSTICK_Config
 *fill*         0x0000000008001ca2        0x2 
 .text.HAL_GPIO_Init
                0x0000000008001ca4      0x308 ./Drivers/STM32F4xx_HAL_Driver/Src/stm32f4xx_hal_gpio.o
                0x0000000008001ca4                HAL_GPIO_Init
 .text.HAL_GPIO_WritePin
                0x0000000008001fac       0x32 ./Drivers/STM32F4xx_HAL_Driver/Src/stm32f4xx_hal_gpio.o
                0x0000000008001fac                HAL_GPIO_WritePin
 *fill*         0x0000000008001fde        0x2 
 .text.HAL_I2C_Init
                0x0000000008001fe0      0x288 ./Drivers/STM32F4xx_HAL_Driver/Src/stm32f4xx_hal_i2c.o
                0x0000000008001fe0                HAL_I2C_Init
 .text.HAL_I2C_Master_Transmit
                0x0000000008002268      0x1fc ./Drivers/STM32F4xx_HAL_Driver/Src/stm32f4xx_hal_i2c.o
                0x0000000008002268                HAL_I2C_Master_Transmit
 .text.HAL_I2C_IsDeviceReady
                0x0000000008002464      0x25c ./Drivers/STM32F4xx_HAL_Driver/Src/stm32f4xx_hal_i2c.o
                0x0000000008002464                HAL_I2C_IsDeviceReady
 .text.I2C_MasterRequestWrite
                0x00000000080026c0      0x104 ./Drivers/STM32F4xx_HAL_Driver/Src/stm32f4xx_hal_i2c.o
 .text.I2C_WaitOnFlagUntilTimeout
                0x00000000080027c4       0xae ./Drivers/STM32F4xx_HAL_Driver/Src/stm32f4xx_hal_i2c.o
 .text.I2C_WaitOnMasterAddressFlagUntilTimeout
                0x0000000008002872       0xfe ./Drivers/STM32F4xx_HAL_Driver/Src/stm32f4xx_hal_i2c.o
 .text.I2C_WaitOnTXEFlagUntilTimeout
                0x0000000008002970       0x82 ./Drivers/STM32F4xx_HAL_Driver/Src/stm32f4xx_hal_i2c.o
 .text.I2C_WaitOnBTFFlagUntilTimeout
                0x00000000080029f2       0x82 ./Drivers/STM32F4xx_HAL_Driver/Src/stm32f4xx_hal_i2c.o
 .text.I2C_IsAcknowledgeFailed
                0x0000000008002a74       0x5e ./Drivers/STM32F4xx_HAL_Driver/Src/stm32f4xx_hal_i2c.o
 *fill*         0x0000000008002ad2        0x2 
 .text.HAL_RCC_OscConfig
                0x0000000008002ad4      0x4f0 ./Drivers/STM32F4xx_HAL_Driver/Src/stm32f4xx_hal_rcc.o
                0x0000000008002ad4                HAL_RCC_OscConfig
 .text.HAL_RCC_ClockConfig
                0x0000000008002fc4      0x1cc ./Drivers/STM32F4xx_HAL_Driver/Src/stm32f4xx_hal_rcc.o
                0x0000000008002fc4                HAL_RCC_ClockConfig
 .text.HAL_RCC_GetSysClockFreq
                0x0000000008003190      0x20c ./Drivers/STM32F4xx_HAL_Driver/Src/stm32f4xx_hal_rcc.o
                0x0000000008003190                HAL_RCC_GetSysClockFreq
 .text.HAL_RCC_GetHCLKFreq
                0x000000000800339c       0x18 ./Drivers/STM32F4xx_HAL_Driver/Src/stm32f4xx_hal_rcc.o
                0x000000000800339c                HAL_RCC_GetHCLKFreq
 .text.HAL_RCC_GetPCLK1Freq
                0x00000000080033b4       0x28 ./Drivers/STM32F4xx_HAL_Driver/Src/stm32f4xx_hal_rcc.o
                0x00000000080033b4                HAL_RCC_GetPCLK1Freq
 .text.HAL_RCC_GetPCLK2Freq
                0x00000000080033dc       0x28 ./Drivers/STM32F4xx_HAL_Driver/Src/stm32f4xx_hal_rcc.o
                0x00000000080033dc                HAL_RCC_GetPCLK2Freq
 .text.HAL_SPI_Init
                0x0000000008003404      0x112 ./Drivers/STM32F4xx_HAL_Driver/Src/stm32f4xx_hal_spi.o
                0x0000000008003404                HAL_SPI_Init
 .text.HAL_UART_Init
                0x0000000008003516       0x9a ./Drivers/STM32F4xx_HAL_Driver/Src/stm32f4xx_hal_uart.o
                0x0000000008003516                HAL_UART_Init
 .text.UART_SetConfig
                0x00000000080035b0      0x4e8 ./Drivers/STM32F4xx_HAL_Driver/Src/stm32f4xx_hal_uart.o
 .text.__libc_init_array
                0x0000000008003a98       0x48 d:/stm32cubeide_1.11.2/stm32cubeide/plugins/com.st.stm32cube.ide.mcu.externaltools.gnu-tools-for-stm32.10.3-2021.10.win32_1.0.100.202210260954/tools/bin/../lib/gcc/arm-none-eabi/10.3.1/../../../../arm-none-eabi/lib/thumb/v7e-m+fp/hard\libc_nano.a(lib_a-init.o)
                0x0000000008003a98                __libc_init_array
 .text.memcpy   0x0000000008003ae0       0x1c d:/stm32cubeide_1.11.2/stm32cubeide/plugins/com.st.stm32cube.ide.mcu.externaltools.gnu-tools-for-stm32.10.3-2021.10.win32_1.0.100.202210260954/tools/bin/../lib/gcc/arm-none-eabi/10.3.1/../../../../arm-none-eabi/lib/thumb/v7e-m+fp/hard\libc_nano.a(lib_a-memcpy-stub.o)
                0x0000000008003ae0                memcpy
 .text.memset   0x0000000008003afc       0x10 d:/stm32cubeide_1.11.2/stm32cubeide/plugins/com.st.stm32cube.ide.mcu.externaltools.gnu-tools-for-stm32.10.3-2021.10.win32_1.0.100.202210260954/tools/bin/../lib/gcc/arm-none-eabi/10.3.1/../../../../arm-none-eabi/lib/thumb/v7e-m+fp/hard\libc_nano.a(lib_a-memset.o)
                0x0000000008003afc                memset
 *(.glue_7)
 .glue_7        0x0000000008003b0c        0x0 linker stubs
 *(.glue_7t)
 .glue_7t       0x0000000008003b0c        0x0 linker stubs
 *(.eh_frame)
 .eh_frame      0x0000000008003b0c        0x0 d:/stm32cubeide_1.11.2/stm32cubeide/plugins/com.st.stm32cube.ide.mcu.externaltools.gnu-tools-for-stm32.10.3-2021.10.win32_1.0.100.202210260954/tools/bin/../lib/gcc/arm-none-eabi/10.3.1/thumb/v7e-m+fp/hard/crtbegin.o
 *(.init)
 .init          0x0000000008003b0c        0x4 d:/stm32cubeide_1.11.2/stm32cubeide/plugins/com.st.stm32cube.ide.mcu.externaltools.gnu-tools-for-stm32.10.3-2021.10.win32_1.0.100.202210260954/tools/bin/../lib/gcc/arm-none-eabi/10.3.1/thumb/v7e-m+fp/hard/crti.o
                0x0000000008003b0c                _init
 .init          0x0000000008003b10        0x8 d:/stm32cubeide_1.11.2/stm32cubeide/plugins/com.st.stm32cube.ide.mcu.externaltools.gnu-tools-for-stm32.10.3-2021.10.win32_1.0.100.202210260954/tools/bin/../lib/gcc/arm-none-eabi/10.3.1/thumb/v7e-m+fp/hard/crtn.o
 *(.fini)
 .fini          0x0000000008003b18        0x4 d:/stm32cubeide_1.11.2/stm32cubeide/plugins/com.st.stm32cube.ide.mcu.externaltools.gnu-tools-for-stm32.10.3-2021.10.win32_1.0.100.202210260954/tools/bin/../lib/gcc/arm-none-eabi/10.3.1/thumb/v7e-m+fp/hard/crti.o
                0x0000000008003b18                _fini
 .fini          0x0000000008003b1c        0x8 d:/stm32cubeide_1.11.2/stm32cubeide/plugins/com.st.stm32cube.ide.mcu.externaltools.gnu-tools-for-stm32.10.3-2021.10.win32_1.0.100.202210260954/tools/bin/../lib/gcc/arm-none-eabi/10.3.1/thumb/v7e-m+fp/hard/crtn.o
                0x0000000008003b24                . = ALIGN (0x4)
                0x0000000008003b24                _etext = .

.vfp11_veneer   0x0000000008003b24        0x0
 .vfp11_veneer  0x0000000008003b24        0x0 linker stubs

.v4_bx          0x0000000008003b24        0x0
 .v4_bx         0x0000000008003b24        0x0 linker stubs

.iplt           0x0000000008003b24        0x0
 .iplt          0x0000000008003b24        0x0 d:/stm32cubeide_1.11.2/stm32cubeide/plugins/com.st.stm32cube.ide.mcu.externaltools.gnu-tools-for-stm32.10.3-2021.10.win32_1.0.100.202210260954/tools/bin/../lib/gcc/arm-none-eabi/10.3.1/thumb/v7e-m+fp/hard/crtbegin.o

.rodata         0x0000000008003b24      0x894
                0x0000000008003b24                . = ALIGN (0x4)
 *(.rodata)
 .rodata        0x0000000008003b24        0xd ./Core/Src/main.o
 *(.rodata*)
 *fill*         0x0000000008003b31        0x3 
 .rodata.Arial8_8pt
                0x0000000008003b34      0x3b6 ./Core/Src/Arial8.o
                0x0000000008003b34                Arial8_8pt
 *fill*         0x0000000008003eea        0x2 
 .rodata.Arial_new_10pt
                0x0000000008003eec      0x3b6 ./Core/Src/Arial_new.o
                0x0000000008003eec                Arial_new_10pt
 *fill*         0x00000000080042a2        0x2 
 .rodata.deagle_56x36
                0x00000000080042a4       0xfc ./Core/Src/oled_fonts.o
                0x00000000080042a4                deagle_56x36
 .rodata.AHBPrescTable
                0x00000000080043a0       0x10 ./Core/Src/system_stm32f4xx.o
                0x00000000080043a0                AHBPrescTable
 .rodata.APBPrescTable
                0x00000000080043b0        0x8 ./Core/Src/system_stm32f4xx.o
                0x00000000080043b0                APBPrescTable
                0x00000000080043b8                . = ALIGN (0x4)

.ARM.extab      0x00000000080043b8        0x0
                0x00000000080043b8                . = ALIGN (0x4)
 *(.ARM.extab* .gnu.linkonce.armextab.*)
                0x00000000080043b8                . = ALIGN (0x4)

.ARM            0x00000000080043b8        0x8
                0x00000000080043b8                . = ALIGN (0x4)
                0x00000000080043b8                __exidx_start = .
 *(.ARM.exidx*)
 .ARM.exidx     0x00000000080043b8        0x8 d:/stm32cubeide_1.11.2/stm32cubeide/plugins/com.st.stm32cube.ide.mcu.externaltools.gnu-tools-for-stm32.10.3-2021.10.win32_1.0.100.202210260954/tools/bin/../lib/gcc/arm-none-eabi/10.3.1/thumb/v7e-m+fp/hard\libgcc.a(_udivmoddi4.o)
                0x00000000080043c0                __exidx_end = .
                0x00000000080043c0                . = ALIGN (0x4)

.rel.dyn        0x00000000080043c0        0x0
 .rel.iplt      0x00000000080043c0        0x0 d:/stm32cubeide_1.11.2/stm32cubeide/plugins/com.st.stm32cube.ide.mcu.externaltools.gnu-tools-for-stm32.10.3-2021.10.win32_1.0.100.202210260954/tools/bin/../lib/gcc/arm-none-eabi/10.3.1/thumb/v7e-m+fp/hard/crtbegin.o

.preinit_array  0x00000000080043c0        0x0
                0x00000000080043c0                . = ALIGN (0x4)
                0x00000000080043c0                PROVIDE (__preinit_array_start = .)
 *(.preinit_array*)
                0x00000000080043c0                PROVIDE (__preinit_array_end = .)
                0x00000000080043c0                . = ALIGN (0x4)

.init_array     0x00000000080043c0        0x4
                0x00000000080043c0                . = ALIGN (0x4)
                0x00000000080043c0                PROVIDE (__init_array_start = .)
 *(SORT_BY_NAME(.init_array.*))
 *(.init_array*)
 .init_array    0x00000000080043c0        0x4 d:/stm32cubeide_1.11.2/stm32cubeide/plugins/com.st.stm32cube.ide.mcu.externaltools.gnu-tools-for-stm32.10.3-2021.10.win32_1.0.100.202210260954/tools/bin/../lib/gcc/arm-none-eabi/10.3.1/thumb/v7e-m+fp/hard/crtbegin.o
                0x00000000080043c4                PROVIDE (__init_array_end = .)
                0x00000000080043c4                . = ALIGN (0x4)

.fini_array     0x00000000080043c4        0x4
                0x00000000080043c4                . = ALIGN (0x4)
                [!provide]                        PROVIDE (__fini_array_start = .)
 *(SORT_BY_NAME(.fini_array.*))
 *(.fini_array*)
 .fini_array    0x00000000080043c4        0x4 d:/stm32cubeide_1.11.2/stm32cubeide/plugins/com.st.stm32cube.ide.mcu.externaltools.gnu-tools-for-stm32.10.3-2021.10.win32_1.0.100.202210260954/tools/bin/../lib/gcc/arm-none-eabi/10.3.1/thumb/v7e-m+fp/hard/crtbegin.o
                [!provide]                        PROVIDE (__fini_array_end = .)
                0x00000000080043c8                . = ALIGN (0x4)
                0x00000000080043c8                _sidata = LOADADDR (.data)

.data           0x0000000020000000       0x1c load address 0x00000000080043c8
                0x0000000020000000                . = ALIGN (0x4)
                0x0000000020000000                _sdata = .
 *(.data)
 *(.data*)
 .data.Arial8_8x10
                0x0000000020000000        0x8 ./Core/Src/Arial8.o
                0x0000000020000000                Arial8_8x10
 .data.Arial_new_7x10
                0x0000000020000008        0x8 ./Core/Src/Arial_new.o
                0x0000000020000008                Arial_new_7x10
 .data.SystemCoreClock
                0x0000000020000010        0x4 ./Core/Src/system_stm32f4xx.o
                0x0000000020000010                SystemCoreClock
 .data.uwTickPrio
                0x0000000020000014        0x4 ./Drivers/STM32F4xx_HAL_Driver/Src/stm32f4xx_hal.o
                0x0000000020000014                uwTickPrio
 .data.uwTickFreq
                0x0000000020000018        0x1 ./Drivers/STM32F4xx_HAL_Driver/Src/stm32f4xx_hal.o
                0x0000000020000018                uwTickFreq
 *(.RamFunc)
 *(.RamFunc*)
                0x000000002000001c                . = ALIGN (0x4)
 *fill*         0x0000000020000019        0x3 
                0x000000002000001c                _edata = .

.igot.plt       0x000000002000001c        0x0 load address 0x00000000080043e4
 .igot.plt      0x000000002000001c        0x0 d:/stm32cubeide_1.11.2/stm32cubeide/plugins/com.st.stm32cube.ide.mcu.externaltools.gnu-tools-for-stm32.10.3-2021.10.win32_1.0.100.202210260954/tools/bin/../lib/gcc/arm-none-eabi/10.3.1/thumb/v7e-m+fp/hard/crtbegin.o
                0x000000002000001c                . = ALIGN (0x4)

.bss            0x000000002000001c      0x518 load address 0x00000000080043e4
                0x000000002000001c                _sbss = .
                0x000000002000001c                __bss_start__ = _sbss
 *(.bss)
 .bss           0x000000002000001c       0x1c d:/stm32cubeide_1.11.2/stm32cubeide/plugins/com.st.stm32cube.ide.mcu.externaltools.gnu-tools-for-stm32.10.3-2021.10.win32_1.0.100.202210260954/tools/bin/../lib/gcc/arm-none-eabi/10.3.1/thumb/v7e-m+fp/hard/crtbegin.o
 *(.bss*)
 .bss.hi2c1     0x0000000020000038       0x54 ./Core/Src/main.o
                0x0000000020000038                hi2c1
 .bss.hspi2     0x000000002000008c       0x58 ./Core/Src/main.o
                0x000000002000008c                hspi2
 .bss.huart2    0x00000000200000e4       0x44 ./Core/Src/main.o
                0x00000000200000e4                huart2
 .bss.SSD1306_Buffer
                0x0000000020000128      0x400 ./Core/Src/oled_gram.o
 .bss.SSD1306   0x0000000020000528        0x6 ./Core/Src/oled_gram.o
 *fill*         0x000000002000052e        0x2 
 .bss.uwTick    0x0000000020000530        0x4 ./Drivers/STM32F4xx_HAL_Driver/Src/stm32f4xx_hal.o
                0x0000000020000530                uwTick
 *(COMMON)
                0x0000000020000534                . = ALIGN (0x4)
                0x0000000020000534                _ebss = .
                0x0000000020000534                __bss_end__ = _ebss

._user_heap_stack
                0x0000000020000534      0x604 load address 0x00000000080043e4
                0x0000000020000538                . = ALIGN (0x8)
 *fill*         0x0000000020000534        0x4 
                [!provide]                        PROVIDE (end = .)
                0x0000000020000538                PROVIDE (_end = .)
                0x0000000020000738                . = (. + _Min_Heap_Size)
 *fill*         0x0000000020000538      0x200 
                0x0000000020000b38                . = (. + _Min_Stack_Size)
 *fill*         0x0000000020000738      0x400 
                0x0000000020000b38                . = ALIGN (0x8)

/DISCARD/
 libc.a(*)
 libm.a(*)
 libgcc.a(*)

.ARM.attributes
                0x0000000000000000       0x30
 *(.ARM.attributes)
 .ARM.attributes
                0x0000000000000000       0x1e d:/stm32cubeide_1.11.2/stm32cubeide/plugins/com.st.stm32cube.ide.mcu.externaltools.gnu-tools-for-stm32.10.3-2021.10.win32_1.0.100.202210260954/tools/bin/../lib/gcc/arm-none-eabi/10.3.1/thumb/v7e-m+fp/hard/crti.o
 .ARM.attributes
                0x000000000000001e       0x34 d:/stm32cubeide_1.11.2/stm32cubeide/plugins/com.st.stm32cube.ide.mcu.externaltools.gnu-tools-for-stm32.10.3-2021.10.win32_1.0.100.202210260954/tools/bin/../lib/gcc/arm-none-eabi/10.3.1/thumb/v7e-m+fp/hard/crtbegin.o
 .ARM.attributes
                0x0000000000000052       0x34 ./Core/Src/Arial8.o
 .ARM.attributes
                0x0000000000000086       0x34 ./Core/Src/Arial_new.o
 .ARM.attributes
                0x00000000000000ba       0x34 ./Core/Src/main.o
 .ARM.attributes
                0x00000000000000ee       0x34 ./Core/Src/oled_fonts.o
 .ARM.attributes
                0x0000000000000122       0x34 ./Core/Src/oled_functions.o
 .ARM.attributes
                0x0000000000000156       0x34 ./Core/Src/oled_gram.o
 .ARM.attributes
                0x000000000000018a       0x34 ./Core/Src/oled_init.o
 .ARM.attributes
                0x00000000000001be       0x34 ./Core/Src/stm32f4xx_hal_msp.o
 .ARM.attributes
                0x00000000000001f2       0x34 ./Core/Src/stm32f4xx_it.o
 .ARM.attributes
                0x0000000000000226       0x34 ./Core/Src/system_stm32f4xx.o
 .ARM.attributes
                0x000000000000025a       0x21 ./Core/Startup/startup_stm32f411retx.o
 .ARM.attributes
                0x000000000000027b       0x34 ./Drivers/STM32F4xx_HAL_Driver/Src/stm32f4xx_hal.o
 .ARM.attributes
                0x00000000000002af       0x34 ./Drivers/STM32F4xx_HAL_Driver/Src/stm32f4xx_hal_cortex.o
 .ARM.attributes
                0x00000000000002e3       0x34 ./Drivers/STM32F4xx_HAL_Driver/Src/stm32f4xx_hal_gpio.o
 .ARM.attributes
                0x0000000000000317       0x34 ./Drivers/STM32F4xx_HAL_Driver/Src/stm32f4xx_hal_i2c.o
 .ARM.attributes
                0x000000000000034b       0x34 ./Drivers/STM32F4xx_HAL_Driver/Src/stm32f4xx_hal_rcc.o
 .ARM.attributes
                0x000000000000037f       0x34 ./Drivers/STM32F4xx_HAL_Driver/Src/stm32f4xx_hal_spi.o
 .ARM.attributes
                0x00000000000003b3       0x34 ./Drivers/STM32F4xx_HAL_Driver/Src/stm32f4xx_hal_uart.o
 .ARM.attributes
                0x00000000000003e7       0x34 d:/stm32cubeide_1.11.2/stm32cubeide/plugins/com.st.stm32cube.ide.mcu.externaltools.gnu-tools-for-stm32.10.3-2021.10.win32_1.0.100.202210260954/tools/bin/../lib/gcc/arm-none-eabi/10.3.1/../../../../arm-none-eabi/lib/thumb/v7e-m+fp/hard\libc_nano.a(lib_a-init.o)
 .ARM.attributes
                0x000000000000041b       0x34 d:/stm32cubeide_1.11.2/stm32cubeide/plugins/com.st.stm32cube.ide.mcu.externaltools.gnu-tools-for-stm32.10.3-2021.10.win32_1.0.100.202210260954/tools/bin/../lib/gcc/arm-none-eabi/10.3.1/../../../../arm-none-eabi/lib/thumb/v7e-m+fp/hard\libc_nano.a(lib_a-memcpy-stub.o)
 .ARM.attributes
                0x000000000000044f       0x34 d:/stm32cubeide_1.11.2/stm32cubeide/plugins/com.st.stm32cube.ide.mcu.externaltools.gnu-tools-for-stm32.10.3-2021.10.win32_1.0.100.202210260954/tools/bin/../lib/gcc/arm-none-eabi/10.3.1/../../../../arm-none-eabi/lib/thumb/v7e-m+fp/hard\libc_nano.a(lib_a-memset.o)
 .ARM.attributes
                0x0000000000000483       0x1e d:/stm32cubeide_1.11.2/stm32cubeide/plugins/com.st.stm32cube.ide.mcu.externaltools.gnu-tools-for-stm32.10.3-2021.10.win32_1.0.100.202210260954/tools/bin/../lib/gcc/arm-none-eabi/10.3.1/thumb/v7e-m+fp/hard\libgcc.a(_aeabi_uldivmod.o)
 .ARM.attributes
                0x00000000000004a1       0x34 d:/stm32cubeide_1.11.2/stm32cubeide/plugins/com.st.stm32cube.ide.mcu.externaltools.gnu-tools-for-stm32.10.3-2021.10.win32_1.0.100.202210260954/tools/bin/../lib/gcc/arm-none-eabi/10.3.1/thumb/v7e-m+fp/hard\libgcc.a(_udivmoddi4.o)
 .ARM.attributes
                0x00000000000004d5       0x1e d:/stm32cubeide_1.11.2/stm32cubeide/plugins/com.st.stm32cube.ide.mcu.externaltools.gnu-tools-for-stm32.10.3-2021.10.win32_1.0.100.202210260954/tools/bin/../lib/gcc/arm-none-eabi/10.3.1/thumb/v7e-m+fp/hard\libgcc.a(_dvmd_tls.o)
 .ARM.attributes
                0x00000000000004f3       0x1e d:/stm32cubeide_1.11.2/stm32cubeide/plugins/com.st.stm32cube.ide.mcu.externaltools.gnu-tools-for-stm32.10.3-2021.10.win32_1.0.100.202210260954/tools/bin/../lib/gcc/arm-none-eabi/10.3.1/thumb/v7e-m+fp/hard/crtn.o
OUTPUT(OLED_Universal.elf elf32-littlearm)
LOAD linker stubs
LOAD d:/stm32cubeide_1.11.2/stm32cubeide/plugins/com.st.stm32cube.ide.mcu.externaltools.gnu-tools-for-stm32.10.3-2021.10.win32_1.0.100.202210260954/tools/bin/../lib/gcc/arm-none-eabi/10.3.1/../../../../arm-none-eabi/lib/thumb/v7e-m+fp/hard\libc.a
LOAD d:/stm32cubeide_1.11.2/stm32cubeide/plugins/com.st.stm32cube.ide.mcu.externaltools.gnu-tools-for-stm32.10.3-2021.10.win32_1.0.100.202210260954/tools/bin/../lib/gcc/arm-none-eabi/10.3.1/../../../../arm-none-eabi/lib/thumb/v7e-m+fp/hard\libm.a
LOAD d:/stm32cubeide_1.11.2/stm32cubeide/plugins/com.st.stm32cube.ide.mcu.externaltools.gnu-tools-for-stm32.10.3-2021.10.win32_1.0.100.202210260954/tools/bin/../lib/gcc/arm-none-eabi/10.3.1/thumb/v7e-m+fp/hard\libgcc.a

.debug_info     0x0000000000000000     0xdf95
 .debug_info    0x0000000000000000      0x131 ./Core/Src/Arial8.o
 .debug_info    0x0000000000000131      0x131 ./Core/Src/Arial_new.o
 .debug_info    0x0000000000000262     0x142f ./Core/Src/main.o
 .debug_info    0x0000000000001691      0x2f8 ./Core/Src/oled_fonts.o
 .debug_info    0x0000000000001989      0x7d3 ./Core/Src/oled_functions.o
 .debug_info    0x000000000000215c      0x2bf ./Core/Src/oled_gram.o
 .debug_info    0x000000000000241b      0xdfc ./Core/Src/oled_init.o
 .debug_info    0x0000000000003217     0x1026 ./Core/Src/stm32f4xx_hal_msp.o
 .debug_info    0x000000000000423d      0x121 ./Core/Src/stm32f4xx_it.o
 .debug_info    0x000000000000435e      0x54f ./Core/Src/system_stm32f4xx.o
 .debug_info    0x00000000000048ad       0x22 ./Core/Startup/startup_stm32f411retx.o
 .debug_info    0x00000000000048cf      0x90d ./Drivers/STM32F4xx_HAL_Driver/Src/stm32f4xx_hal.o
 .debug_info    0x00000000000051dc      0xd8b ./Drivers/STM32F4xx_HAL_Driver/Src/stm32f4xx_hal_cortex.o
 .debug_info    0x0000000000005f67      0x78e ./Drivers/STM32F4xx_HAL_Driver/Src/stm32f4xx_hal_gpio.o
 .debug_info    0x00000000000066f5     0x260f ./Drivers/STM32F4xx_HAL_Driver/Src/stm32f4xx_hal_i2c.o
 .debug_info    0x0000000000008d04      0x98d ./Drivers/STM32F4xx_HAL_Driver/Src/stm32f4xx_hal_rcc.o
 .debug_info    0x0000000000009691     0x1750 ./Drivers/STM32F4xx_HAL_Driver/Src/stm32f4xx_hal_spi.o
 .debug_info    0x000000000000ade1     0x31b4 ./Drivers/STM32F4xx_HAL_Driver/Src/stm32f4xx_hal_uart.o

.debug_abbrev   0x0000000000000000     0x1ff8
 .debug_abbrev  0x0000000000000000       0xaf ./Core/Src/Arial8.o
 .debug_abbrev  0x00000000000000af       0xaf ./Core/Src/Arial_new.o
 .debug_abbrev  0x000000000000015e      0x28e ./Core/Src/main.o
 .debug_abbrev  0x00000000000003ec      0x130 ./Core/Src/oled_fonts.o
 .debug_abbrev  0x000000000000051c      0x18b ./Core/Src/oled_functions.o
 .debug_abbrev  0x00000000000006a7      0x169 ./Core/Src/oled_gram.o
 .debug_abbrev  0x0000000000000810      0x292 ./Core/Src/oled_init.o
 .debug_abbrev  0x0000000000000aa2      0x1dd ./Core/Src/stm32f4xx_hal_msp.o
 .debug_abbrev  0x0000000000000c7f       0x74 ./Core/Src/stm32f4xx_it.o
 .debug_abbrev  0x0000000000000cf3      0x116 ./Core/Src/system_stm32f4xx.o
 .debug_abbrev  0x0000000000000e09       0x12 ./Core/Startup/startup_stm32f411retx.o
 .debug_abbrev  0x0000000000000e1b      0x23e ./Drivers/STM32F4xx_HAL_Driver/Src/stm32f4xx_hal.o
 .debug_abbrev  0x0000000000001059      0x316 ./Drivers/STM32F4xx_HAL_Driver/Src/stm32f4xx_hal_cortex.o
 .debug_abbrev  0x000000000000136f      0x1c4 ./Drivers/STM32F4xx_HAL_Driver/Src/stm32f4xx_hal_gpio.o
 .debug_abbrev  0x0000000000001533      0x2a8 ./Drivers/STM32F4xx_HAL_Driver/Src/stm32f4xx_hal_i2c.o
 .debug_abbrev  0x00000000000017db      0x2aa ./Drivers/STM32F4xx_HAL_Driver/Src/stm32f4xx_hal_rcc.o
 .debug_abbrev  0x0000000000001a85      0x26e ./Drivers/STM32F4xx_HAL_Driver/Src/stm32f4xx_hal_spi.o
 .debug_abbrev  0x0000000000001cf3      0x305 ./Drivers/STM32F4xx_HAL_Driver/Src/stm32f4xx_hal_uart.o

.debug_aranges  0x0000000000000000      0xc50
 .debug_aranges
                0x0000000000000000       0x18 ./Core/Src/Arial8.o
 .debug_aranges
                0x0000000000000018       0x18 ./Core/Src/Arial_new.o
 .debug_aranges
                0x0000000000000030       0x50 ./Core/Src/main.o
 .debug_aranges
                0x0000000000000080       0x20 ./Core/Src/oled_fonts.o
 .debug_aranges
                0x00000000000000a0       0x68 ./Core/Src/oled_functions.o
 .debug_aranges
                0x0000000000000108       0x50 ./Core/Src/oled_gram.o
 .debug_aranges
                0x0000000000000158       0xa0 ./Core/Src/oled_init.o
 .debug_aranges
                0x00000000000001f8       0x50 ./Core/Src/stm32f4xx_hal_msp.o
 .debug_aranges
                0x0000000000000248       0x60 ./Core/Src/stm32f4xx_it.o
 .debug_aranges
                0x00000000000002a8       0x28 ./Core/Src/system_stm32f4xx.o
 .debug_aranges
                0x00000000000002d0       0x28 ./Core/Startup/startup_stm32f411retx.o
 .debug_aranges
                0x00000000000002f8       0xf0 ./Drivers/STM32F4xx_HAL_Driver/Src/stm32f4xx_hal.o
 .debug_aranges
                0x00000000000003e8      0x118 ./Drivers/STM32F4xx_HAL_Driver/Src/stm32f4xx_hal_cortex.o
 .debug_aranges
                0x0000000000000500       0x58 ./Drivers/STM32F4xx_HAL_Driver/Src/stm32f4xx_hal_gpio.o
 .debug_aranges
                0x0000000000000558      0x2a0 ./Drivers/STM32F4xx_HAL_Driver/Src/stm32f4xx_hal_i2c.o
 .debug_aranges
                0x00000000000007f8       0x88 ./Drivers/STM32F4xx_HAL_Driver/Src/stm32f4xx_hal_rcc.o
 .debug_aranges
                0x0000000000000880      0x1d0 ./Drivers/STM32F4xx_HAL_Driver/Src/stm32f4xx_hal_spi.o
 .debug_aranges
                0x0000000000000a50      0x200 ./Drivers/STM32F4xx_HAL_Driver/Src/stm32f4xx_hal_uart.o

.debug_macro    0x0000000000000000    0x16c8e
 .debug_macro   0x0000000000000000      0x2b4 ./Core/Src/Arial8.o
 .debug_macro   0x00000000000002b4      0xa78 ./Core/Src/Arial8.o
 .debug_macro   0x0000000000000d2c       0x10 ./Core/Src/Arial8.o
 .debug_macro   0x0000000000000d3c      0x2a1 ./Core/Src/Arial8.o
 .debug_macro   0x0000000000000fdd       0x2e ./Core/Src/Arial8.o
 .debug_macro   0x000000000000100b       0x28 ./Core/Src/Arial8.o
 .debug_macro   0x0000000000001033       0x22 ./Core/Src/Arial8.o
 .debug_macro   0x0000000000001055       0x8e ./Core/Src/Arial8.o
 .debug_macro   0x00000000000010e3       0x51 ./Core/Src/Arial8.o
 .debug_macro   0x0000000000001134      0x103 ./Core/Src/Arial8.o
 .debug_macro   0x0000000000001237       0x6a ./Core/Src/Arial8.o
 .debug_macro   0x00000000000012a1      0x1df ./Core/Src/Arial8.o
 .debug_macro   0x0000000000001480       0x1c ./Core/Src/Arial8.o
 .debug_macro   0x000000000000149c       0x22 ./Core/Src/Arial8.o
 .debug_macro   0x00000000000014be       0xd9 ./Core/Src/Arial8.o
 .debug_macro   0x0000000000001597     0x102d ./Core/Src/Arial8.o
 .debug_macro   0x00000000000025c4      0x11f ./Core/Src/Arial8.o
 .debug_macro   0x00000000000026e3     0xb953 ./Core/Src/Arial8.o
 .debug_macro   0x000000000000e036       0x6d ./Core/Src/Arial8.o
 .debug_macro   0x000000000000e0a3     0x367e ./Core/Src/Arial8.o
 .debug_macro   0x0000000000011721      0x174 ./Core/Src/Arial8.o
 .debug_macro   0x0000000000011895       0x5c ./Core/Src/Arial8.o
 .debug_macro   0x00000000000118f1      0x447 ./Core/Src/Arial8.o
 .debug_macro   0x0000000000011d38      0x9fe ./Core/Src/Arial8.o
 .debug_macro   0x0000000000012736      0x115 ./Core/Src/Arial8.o
 .debug_macro   0x000000000001284b      0x11b ./Core/Src/Arial8.o
 .debug_macro   0x0000000000012966       0xa5 ./Core/Src/Arial8.o
 .debug_macro   0x0000000000012a0b      0x15f ./Core/Src/Arial8.o
 .debug_macro   0x0000000000012b6a      0x287 ./Core/Src/Arial8.o
 .debug_macro   0x0000000000012df1       0x5f ./Core/Src/Arial8.o
 .debug_macro   0x0000000000012e50      0x236 ./Core/Src/Arial8.o
 .debug_macro   0x0000000000013086      0x132 ./Core/Src/Arial8.o
 .debug_macro   0x00000000000131b8      0x264 ./Core/Src/Arial8.o
 .debug_macro   0x000000000001341c       0x2e ./Core/Src/Arial8.o
 .debug_macro   0x000000000001344a      0x1b5 ./Core/Src/Arial8.o
 .debug_macro   0x00000000000135ff       0x22 ./Core/Src/Arial8.o
 .debug_macro   0x0000000000013621       0xd6 ./Core/Src/Arial8.o
 .debug_macro   0x00000000000136f7      0x11a ./Core/Src/Arial8.o
 .debug_macro   0x0000000000013811       0x85 ./Core/Src/Arial8.o
 .debug_macro   0x0000000000013896       0x89 ./Core/Src/Arial8.o
 .debug_macro   0x000000000001391f      0x225 ./Core/Src/Arial8.o
 .debug_macro   0x0000000000013b44      0x295 ./Core/Src/Arial8.o
 .debug_macro   0x0000000000013dd9      0x126 ./Core/Src/Arial8.o
 .debug_macro   0x0000000000013eff       0x52 ./Core/Src/Arial8.o
 .debug_macro   0x0000000000013f51       0x1e ./Core/Src/Arial8.o
 .debug_macro   0x0000000000013f6f       0x3c ./Core/Src/Arial8.o
 .debug_macro   0x0000000000013fab       0x34 ./Core/Src/Arial8.o
 .debug_macro   0x0000000000013fdf       0x16 ./Core/Src/Arial8.o
 .debug_macro   0x0000000000013ff5       0x43 ./Core/Src/Arial8.o
 .debug_macro   0x0000000000014038       0x34 ./Core/Src/Arial8.o
 .debug_macro   0x000000000001406c       0x10 ./Core/Src/Arial8.o
 .debug_macro   0x000000000001407c       0x58 ./Core/Src/Arial8.o
 .debug_macro   0x00000000000140d4       0x71 ./Core/Src/Arial8.o
 .debug_macro   0x0000000000014145       0x1c ./Core/Src/Arial8.o
 .debug_macro   0x0000000000014161      0x12a ./Core/Src/Arial8.o
 .debug_macro   0x000000000001428b      0x341 ./Core/Src/Arial8.o
 .debug_macro   0x00000000000145cc       0x10 ./Core/Src/Arial8.o
 .debug_macro   0x00000000000145dc       0x35 ./Core/Src/Arial8.o
 .debug_macro   0x0000000000014611       0x20 ./Core/Src/Arial8.o
 .debug_macro   0x0000000000014631      0x2b4 ./Core/Src/Arial_new.o
 .debug_macro   0x00000000000148e5      0x31d ./Core/Src/main.o
 .debug_macro   0x0000000000014c02       0x7c ./Core/Src/main.o
 .debug_macro   0x0000000000014c7e       0x10 ./Core/Src/main.o
 .debug_macro   0x0000000000014c8e       0x16 ./Core/Src/main.o
 .debug_macro   0x0000000000014ca4       0x16 ./Core/Src/main.o
 .debug_macro   0x0000000000014cba       0x29 ./Core/Src/main.o
 .debug_macro   0x0000000000014ce3       0x16 ./Core/Src/main.o
 .debug_macro   0x0000000000014cf9       0x16 ./Core/Src/main.o
 .debug_macro   0x0000000000014d0f      0x2b4 ./Core/Src/oled_fonts.o
 .debug_macro   0x0000000000014fc3      0x310 ./Core/Src/oled_functions.o
 .debug_macro   0x00000000000152d3      0x2b8 ./Core/Src/oled_gram.o
 .debug_macro   0x000000000001558b      0x358 ./Core/Src/oled_init.o
 .debug_macro   0x00000000000158e3      0x1ec ./Core/Src/stm32f4xx_hal_msp.o
 .debug_macro   0x0000000000015acf      0x1f6 ./Core/Src/stm32f4xx_it.o
 .debug_macro   0x0000000000015cc5      0x1dd ./Core/Src/system_stm32f4xx.o
 .debug_macro   0x0000000000015ea2      0x23d ./Drivers/STM32F4xx_HAL_Driver/Src/stm32f4xx_hal.o
 .debug_macro   0x00000000000160df      0x1dd ./Drivers/STM32F4xx_HAL_Driver/Src/stm32f4xx_hal_cortex.o
 .debug_macro   0x00000000000162bc      0x1e3 ./Drivers/STM32F4xx_HAL_Driver/Src/stm32f4xx_hal_gpio.o
 .debug_macro   0x000000000001649f      0x224 ./Drivers/STM32F4xx_HAL_Driver/Src/stm32f4xx_hal_i2c.o
 .debug_macro   0x00000000000166c3      0x201 ./Drivers/STM32F4xx_HAL_Driver/Src/stm32f4xx_hal_rcc.o
 .debug_macro   0x00000000000168c4      0x1ec ./Drivers/STM32F4xx_HAL_Driver/Src/stm32f4xx_hal_spi.o
 .debug_macro   0x0000000000016ab0      0x1de ./Drivers/STM32F4xx_HAL_Driver/Src/stm32f4xx_hal_uart.o

.debug_line     0x0000000000000000    0x1092a
 .debug_line    0x0000000000000000      0x80d ./Core/Src/Arial8.o
 .debug_line    0x000000000000080d      0x810 ./Core/Src/Arial_new.o
 .debug_line    0x000000000000101d      0xa58 ./Core/Src/main.o
 .debug_line    0x0000000000001a75      0x838 ./Core/Src/oled_fonts.o
 .debug_line    0x00000000000022ad      0xd3d ./Core/Src/oled_functions.o
 .debug_line    0x0000000000002fea      0x93f ./Core/Src/oled_gram.o
 .debug_line    0x0000000000003929      0xa8e ./Core/Src/oled_init.o
 .debug_line    0x00000000000043b7      0x7c9 ./Core/Src/stm32f4xx_hal_msp.o
 .debug_line    0x0000000000004b80      0x791 ./Core/Src/stm32f4xx_it.o
 .debug_line    0x0000000000005311      0x750 ./Core/Src/system_stm32f4xx.o
 .debug_line    0x0000000000005a61       0x88 ./Core/Startup/startup_stm32f411retx.o
 .debug_line    0x0000000000005ae9      0x9b6 ./Drivers/STM32F4xx_HAL_Driver/Src/stm32f4xx_hal.o
 .debug_line    0x000000000000649f      0xc65 ./Drivers/STM32F4xx_HAL_Driver/Src/stm32f4xx_hal_cortex.o
 .debug_line    0x0000000000007104      0xaee ./Drivers/STM32F4xx_HAL_Driver/Src/stm32f4xx_hal_gpio.o
 .debug_line    0x0000000000007bf2     0x396b ./Drivers/STM32F4xx_HAL_Driver/Src/stm32f4xx_hal_i2c.o
 .debug_line    0x000000000000b55d      0xd32 ./Drivers/STM32F4xx_HAL_Driver/Src/stm32f4xx_hal_rcc.o
 .debug_line    0x000000000000c28f     0x1c40 ./Drivers/STM32F4xx_HAL_Driver/Src/stm32f4xx_hal_spi.o
 .debug_line    0x000000000000decf     0x2a5b ./Drivers/STM32F4xx_HAL_Driver/Src/stm32f4xx_hal_uart.o

.debug_str      0x0000000000000000    0x8949b
 .debug_str     0x0000000000000000    0x853a2 ./Core/Src/Arial8.o
                                      0x85632 (size before relaxing)
 .debug_str     0x00000000000853a2       0x36 ./Core/Src/Arial_new.o
                                      0x8563c (size before relaxing)
 .debug_str     0x00000000000853d8      0xfd7 ./Core/Src/main.o
                                      0x866ab (size before relaxing)
 .debug_str     0x00000000000863af       0x99 ./Core/Src/oled_fonts.o
                                      0x856c1 (size before relaxing)
 .debug_str     0x0000000000086448      0x113 ./Core/Src/oled_functions.o
                                      0x8597f (size before relaxing)
 .debug_str     0x000000000008655b       0xa3 ./Core/Src/oled_gram.o
                                      0x8579c (size before relaxing)
 .debug_str     0x00000000000865fe      0x5b5 ./Core/Src/oled_init.o
                                      0x86472 (size before relaxing)
 .debug_str     0x0000000000086bb3       0xd1 ./Core/Src/stm32f4xx_hal_msp.o
                                      0x833c7 (size before relaxing)
 .debug_str     0x0000000000086c84       0xc9 ./Core/Src/stm32f4xx_it.o
                                      0x829d9 (size before relaxing)
 .debug_str     0x0000000000086d4d       0xdb ./Core/Src/system_stm32f4xx.o
                                      0x8297e (size before relaxing)
 .debug_str     0x0000000000086e28       0x36 ./Core/Startup/startup_stm32f411retx.o
                                         0x90 (size before relaxing)
 .debug_str     0x0000000000086e5e      0x991 ./Drivers/STM32F4xx_HAL_Driver/Src/stm32f4xx_hal.o
                                      0x833aa (size before relaxing)
 .debug_str     0x00000000000877ef      0x354 ./Drivers/STM32F4xx_HAL_Driver/Src/stm32f4xx_hal_cortex.o
                                      0x830cb (size before relaxing)
 .debug_str     0x0000000000087b43      0x121 ./Drivers/STM32F4xx_HAL_Driver/Src/stm32f4xx_hal_gpio.o
                                      0x82af9 (size before relaxing)
 .debug_str     0x0000000000087c64      0xae1 ./Drivers/STM32F4xx_HAL_Driver/Src/stm32f4xx_hal_i2c.o
                                      0x8393c (size before relaxing)
 .debug_str     0x0000000000088745      0x213 ./Drivers/STM32F4xx_HAL_Driver/Src/stm32f4xx_hal_rcc.o
                                      0x82db2 (size before relaxing)
 .debug_str     0x0000000000088958      0x54f ./Drivers/STM32F4xx_HAL_Driver/Src/stm32f4xx_hal_spi.o
                                      0x83230 (size before relaxing)
 .debug_str     0x0000000000088ea7      0x5f4 ./Drivers/STM32F4xx_HAL_Driver/Src/stm32f4xx_hal_uart.o
                                      0x8333f (size before relaxing)

.comment        0x0000000000000000       0x50
 .comment       0x0000000000000000       0x50 ./Core/Src/Arial8.o
                                         0x51 (size before relaxing)
 .comment       0x0000000000000050       0x51 ./Core/Src/Arial_new.o
 .comment       0x0000000000000050       0x51 ./Core/Src/main.o
 .comment       0x0000000000000050       0x51 ./Core/Src/oled_fonts.o
 .comment       0x0000000000000050       0x51 ./Core/Src/oled_functions.o
 .comment       0x0000000000000050       0x51 ./Core/Src/oled_gram.o
 .comment       0x0000000000000050       0x51 ./Core/Src/oled_init.o
 .comment       0x0000000000000050       0x51 ./Core/Src/stm32f4xx_hal_msp.o
 .comment       0x0000000000000050       0x51 ./Core/Src/stm32f4xx_it.o
 .comment       0x0000000000000050       0x51 ./Core/Src/system_stm32f4xx.o
 .comment       0x0000000000000050       0x51 ./Drivers/STM32F4xx_HAL_Driver/Src/stm32f4xx_hal.o
 .comment       0x0000000000000050       0x51 ./Drivers/STM32F4xx_HAL_Driver/Src/stm32f4xx_hal_cortex.o
 .comment       0x0000000000000050       0x51 ./Drivers/STM32F4xx_HAL_Driver/Src/stm32f4xx_hal_gpio.o
 .comment       0x0000000000000050       0x51 ./Drivers/STM32F4xx_HAL_Driver/Src/stm32f4xx_hal_i2c.o
 .comment       0x0000000000000050       0x51 ./Drivers/STM32F4xx_HAL_Driver/Src/stm32f4xx_hal_rcc.o
 .comment       0x0000000000000050       0x51 ./Drivers/STM32F4xx_HAL_Driver/Src/stm32f4xx_hal_spi.o
 .comment       0x0000000000000050       0x51 ./Drivers/STM32F4xx_HAL_Driver/Src/stm32f4xx_hal_uart.o

.debug_ranges   0x0000000000000000      0xb70
 .debug_ranges  0x0000000000000000       0x40 ./Core/Src/main.o
 .debug_ranges  0x0000000000000040       0x10 ./Core/Src/oled_fonts.o
 .debug_ranges  0x0000000000000050       0x58 ./Core/Src/oled_functions.o
 .debug_ranges  0x00000000000000a8       0x40 ./Core/Src/oled_gram.o
 .debug_ranges  0x00000000000000e8       0x90 ./Core/Src/oled_init.o
 .debug_ranges  0x0000000000000178       0x40 ./Core/Src/stm32f4xx_hal_msp.o
 .debug_ranges  0x00000000000001b8       0x50 ./Core/Src/stm32f4xx_it.o
 .debug_ranges  0x0000000000000208       0x18 ./Core/Src/system_stm32f4xx.o
 .debug_ranges  0x0000000000000220       0x20 ./Core/Startup/startup_stm32f411retx.o
 .debug_ranges  0x0000000000000240       0xe0 ./Drivers/STM32F4xx_HAL_Driver/Src/stm32f4xx_hal.o
 .debug_ranges  0x0000000000000320      0x108 ./Drivers/STM32F4xx_HAL_Driver/Src/stm32f4xx_hal_cortex.o
 .debug_ranges  0x0000000000000428       0x48 ./Drivers/STM32F4xx_HAL_Driver/Src/stm32f4xx_hal_gpio.o
 .debug_ranges  0x0000000000000470      0x2a8 ./Drivers/STM32F4xx_HAL_Driver/Src/stm32f4xx_hal_i2c.o
 .debug_ranges  0x0000000000000718       0x78 ./Drivers/STM32F4xx_HAL_Driver/Src/stm32f4xx_hal_rcc.o
 .debug_ranges  0x0000000000000790      0x1c0 ./Drivers/STM32F4xx_HAL_Driver/Src/stm32f4xx_hal_spi.o
 .debug_ranges  0x0000000000000950      0x220 ./Drivers/STM32F4xx_HAL_Driver/Src/stm32f4xx_hal_uart.o

.debug_frame    0x0000000000000000     0x325c
 .debug_frame   0x0000000000000000       0xe4 ./Core/Src/main.o
 .debug_frame   0x00000000000000e4       0x38 ./Core/Src/oled_fonts.o
 .debug_frame   0x000000000000011c      0x194 ./Core/Src/oled_functions.o
 .debug_frame   0x00000000000002b0      0x118 ./Core/Src/oled_gram.o
 .debug_frame   0x00000000000003c8      0x260 ./Core/Src/oled_init.o
 .debug_frame   0x0000000000000628      0x10c ./Core/Src/stm32f4xx_hal_msp.o
 .debug_frame   0x0000000000000734      0x104 ./Core/Src/stm32f4xx_it.o
 .debug_frame   0x0000000000000838       0x58 ./Core/Src/system_stm32f4xx.o
 .debug_frame   0x0000000000000890      0x374 ./Drivers/STM32F4xx_HAL_Driver/Src/stm32f4xx_hal.o
 .debug_frame   0x0000000000000c04      0x498 ./Drivers/STM32F4xx_HAL_Driver/Src/stm32f4xx_hal_cortex.o
 .debug_frame   0x000000000000109c      0x14c ./Drivers/STM32F4xx_HAL_Driver/Src/stm32f4xx_hal_gpio.o
 .debug_frame   0x00000000000011e8      0xc5c ./Drivers/STM32F4xx_HAL_Driver/Src/stm32f4xx_hal_i2c.o
 .debug_frame   0x0000000000001e44      0x1f4 ./Drivers/STM32F4xx_HAL_Driver/Src/stm32f4xx_hal_rcc.o
 .debug_frame   0x0000000000002038      0x824 ./Drivers/STM32F4xx_HAL_Driver/Src/stm32f4xx_hal_spi.o
 .debug_frame   0x000000000000285c      0x92c ./Drivers/STM32F4xx_HAL_Driver/Src/stm32f4xx_hal_uart.o
 .debug_frame   0x0000000000003188       0x2c d:/stm32cubeide_1.11.2/stm32cubeide/plugins/com.st.stm32cube.ide.mcu.externaltools.gnu-tools-for-stm32.10.3-2021.10.win32_1.0.100.202210260954/tools/bin/../lib/gcc/arm-none-eabi/10.3.1/../../../../arm-none-eabi/lib/thumb/v7e-m+fp/hard\libc_nano.a(lib_a-init.o)
 .debug_frame   0x00000000000031b4       0x28 d:/stm32cubeide_1.11.2/stm32cubeide/plugins/com.st.stm32cube.ide.mcu.externaltools.gnu-tools-for-stm32.10.3-2021.10.win32_1.0.100.202210260954/tools/bin/../lib/gcc/arm-none-eabi/10.3.1/../../../../arm-none-eabi/lib/thumb/v7e-m+fp/hard\libc_nano.a(lib_a-memcpy-stub.o)
 .debug_frame   0x00000000000031dc       0x20 d:/stm32cubeide_1.11.2/stm32cubeide/plugins/com.st.stm32cube.ide.mcu.externaltools.gnu-tools-for-stm32.10.3-2021.10.win32_1.0.100.202210260954/tools/bin/../lib/gcc/arm-none-eabi/10.3.1/../../../../arm-none-eabi/lib/thumb/v7e-m+fp/hard\libc_nano.a(lib_a-memset.o)
 .debug_frame   0x00000000000031fc       0x2c d:/stm32cubeide_1.11.2/stm32cubeide/plugins/com.st.stm32cube.ide.mcu.externaltools.gnu-tools-for-stm32.10.3-2021.10.win32_1.0.100.202210260954/tools/bin/../lib/gcc/arm-none-eabi/10.3.1/thumb/v7e-m+fp/hard\libgcc.a(_aeabi_uldivmod.o)
 .debug_frame   0x0000000000003228       0x34 d:/stm32cubeide_1.11.2/stm32cubeide/plugins/com.st.stm32cube.ide.mcu.externaltools.gnu-tools-for-stm32.10.3-2021.10.win32_1.0.100.202210260954/tools/bin/../lib/gcc/arm-none-eabi/10.3.1/thumb/v7e-m+fp/hard\libgcc.a(_udivmoddi4.o)
