Archive member included to satisfy reference by file (symbol)

d:/stm32cubeide_1.11.2/stm32cubeide/plugins/com.st.stm32cube.ide.mcu.externaltools.gnu-tools-for-stm32.10.3-2021.10.win32_1.0.100.202210260954/tools/bin/../lib/gcc/arm-none-eabi/10.3.1/../../../../arm-none-eabi/lib/thumb/v7e-m+fp/hard\libc_nano.a(lib_a-errno.o)
                              ./Core/Src/syscalls.o (__errno)
d:/stm32cubeide_1.11.2/stm32cubeide/plugins/com.st.stm32cube.ide.mcu.externaltools.gnu-tools-for-stm32.10.3-2021.10.win32_1.0.100.202210260954/tools/bin/../lib/gcc/arm-none-eabi/10.3.1/../../../../arm-none-eabi/lib/thumb/v7e-m+fp/hard\libc_nano.a(lib_a-exit.o)
                              d:/stm32cubeide_1.11.2/stm32cubeide/plugins/com.st.stm32cube.ide.mcu.externaltools.gnu-tools-for-stm32.10.3-2021.10.win32_1.0.100.202210260954/tools/bin/../lib/gcc/arm-none-eabi/10.3.1/../../../../arm-none-eabi/lib/thumb/v7e-m+fp/hard/crt0.o (exit)
d:/stm32cubeide_1.11.2/stm32cubeide/plugins/com.st.stm32cube.ide.mcu.externaltools.gnu-tools-for-stm32.10.3-2021.10.win32_1.0.100.202210260954/tools/bin/../lib/gcc/arm-none-eabi/10.3.1/../../../../arm-none-eabi/lib/thumb/v7e-m+fp/hard\libc_nano.a(lib_a-impure.o)
                              d:/stm32cubeide_1.11.2/stm32cubeide/plugins/com.st.stm32cube.ide.mcu.externaltools.gnu-tools-for-stm32.10.3-2021.10.win32_1.0.100.202210260954/tools/bin/../lib/gcc/arm-none-eabi/10.3.1/../../../../arm-none-eabi/lib/thumb/v7e-m+fp/hard\libc_nano.a(lib_a-exit.o) (_global_impure_ptr)
d:/stm32cubeide_1.11.2/stm32cubeide/plugins/com.st.stm32cube.ide.mcu.externaltools.gnu-tools-for-stm32.10.3-2021.10.win32_1.0.100.202210260954/tools/bin/../lib/gcc/arm-none-eabi/10.3.1/../../../../arm-none-eabi/lib/thumb/v7e-m+fp/hard\libc_nano.a(lib_a-init.o)
                              d:/stm32cubeide_1.11.2/stm32cubeide/plugins/com.st.stm32cube.ide.mcu.externaltools.gnu-tools-for-stm32.10.3-2021.10.win32_1.0.100.202210260954/tools/bin/../lib/gcc/arm-none-eabi/10.3.1/../../../../arm-none-eabi/lib/thumb/v7e-m+fp/hard/crt0.o (__libc_init_array)
d:/stm32cubeide_1.11.2/stm32cubeide/plugins/com.st.stm32cube.ide.mcu.externaltools.gnu-tools-for-stm32.10.3-2021.10.win32_1.0.100.202210260954/tools/bin/../lib/gcc/arm-none-eabi/10.3.1/../../../../arm-none-eabi/lib/thumb/v7e-m+fp/hard\libc_nano.a(lib_a-memcpy-stub.o)
                              ./Core/Src/oled_gram.o (memcpy)
d:/stm32cubeide_1.11.2/stm32cubeide/plugins/com.st.stm32cube.ide.mcu.externaltools.gnu-tools-for-stm32.10.3-2021.10.win32_1.0.100.202210260954/tools/bin/../lib/gcc/arm-none-eabi/10.3.1/../../../../arm-none-eabi/lib/thumb/v7e-m+fp/hard\libc_nano.a(lib_a-memset.o)
                              d:/stm32cubeide_1.11.2/stm32cubeide/plugins/com.st.stm32cube.ide.mcu.externaltools.gnu-tools-for-stm32.10.3-2021.10.win32_1.0.100.202210260954/tools/bin/../lib/gcc/arm-none-eabi/10.3.1/../../../../arm-none-eabi/lib/thumb/v7e-m+fp/hard/crt0.o (memset)
d:/stm32cubeide_1.11.2/stm32cubeide/plugins/com.st.stm32cube.ide.mcu.externaltools.gnu-tools-for-stm32.10.3-2021.10.win32_1.0.100.202210260954/tools/bin/../lib/gcc/arm-none-eabi/10.3.1/../../../../arm-none-eabi/lib/thumb/v7e-m+fp/hard\libc_nano.a(lib_a-strlen.o)
                              ./Core/Src/oled_fonts.o (strlen)
d:/stm32cubeide_1.11.2/stm32cubeide/plugins/com.st.stm32cube.ide.mcu.externaltools.gnu-tools-for-stm32.10.3-2021.10.win32_1.0.100.202210260954/tools/bin/../lib/gcc/arm-none-eabi/10.3.1/thumb/v7e-m+fp/hard\libgcc.a(_aeabi_uldivmod.o)
                              ./Drivers/STM32F4xx_HAL_Driver/Src/stm32f4xx_hal_rcc.o (__aeabi_uldivmod)
d:/stm32cubeide_1.11.2/stm32cubeide/plugins/com.st.stm32cube.ide.mcu.externaltools.gnu-tools-for-stm32.10.3-2021.10.win32_1.0.100.202210260954/tools/bin/../lib/gcc/arm-none-eabi/10.3.1/thumb/v7e-m+fp/hard\libgcc.a(_udivmoddi4.o)
                              d:/stm32cubeide_1.11.2/stm32cubeide/plugins/com.st.stm32cube.ide.mcu.externaltools.gnu-tools-for-stm32.10.3-2021.10.win32_1.0.100.202210260954/tools/bin/../lib/gcc/arm-none-eabi/10.3.1/thumb/v7e-m+fp/hard\libgcc.a(_aeabi_uldivmod.o) (__udivmoddi4)
d:/stm32cubeide_1.11.2/stm32cubeide/plugins/com.st.stm32cube.ide.mcu.externaltools.gnu-tools-for-stm32.10.3-2021.10.win32_1.0.100.202210260954/tools/bin/../lib/gcc/arm-none-eabi/10.3.1/thumb/v7e-m+fp/hard\libgcc.a(_dvmd_tls.o)
                              d:/stm32cubeide_1.11.2/stm32cubeide/plugins/com.st.stm32cube.ide.mcu.externaltools.gnu-tools-for-stm32.10.3-2021.10.win32_1.0.100.202210260954/tools/bin/../lib/gcc/arm-none-eabi/10.3.1/thumb/v7e-m+fp/hard\libgcc.a(_aeabi_uldivmod.o) (__aeabi_ldiv0)

Discarded input sections

 .text          0x0000000000000000        0x0 d:/stm32cubeide_1.11.2/stm32cubeide/plugins/com.st.stm32cube.ide.mcu.externaltools.gnu-tools-for-stm32.10.3-2021.10.win32_1.0.100.202210260954/tools/bin/../lib/gcc/arm-none-eabi/10.3.1/thumb/v7e-m+fp/hard/crti.o
[...]
Memory Configuration

Name             Origin             Length             Attributes
RAM              0x0000000020000000 0x0000000000020000 xrw
FLASH            0x0000000008000000 0x0000000000080000 xr
*default*        0x0000000000000000 0xffffffffffffffff

Linker script and memory map

LOAD d:/stm32cubeide_1.11.2/stm32cubeide/plugins/com.st.stm32cube.ide.mcu.externaltools.gnu-tools-for-stm32.10.3-2021.10.win32_1.0.100.202210260954/tools/bin/../lib/gcc/arm-none-eabi/10.3.1/thumb/v7e-m+fp/hard/crti.o
LOAD d:/stm32cubeide_1.11.2/stm32cubeide/plugins/com.st.stm32cube.ide.mcu.externaltools.gnu-tools-for-stm32.10.3-2021.10.win32_1.0.100.202210260954/tools/bin/../lib/gcc/arm-none-eabi/10.3.1/thumb/v7e-m+fp/hard/crtbegin.o
LOAD d:/stm32cubeide_1.11.2/stm32cubeide/plugins/com.st.stm32cube.ide.mcu.externaltools.gnu-tools-for-stm32.10.3-2021.10.win32_1.0.100.202210260954/tools/bin/../lib/gcc/arm-none-eabi/10.3.1/../../../../arm-none-eabi/lib/thumb/v7e-m+fp/hard/crt0.o
LOAD ./Core/Src/main.o
LOAD ./Core/Src/oled_fonts.o
LOAD ./Core/Src/oled_functions.o
LOAD ./Core/Src/oled_gram.o
LOAD ./Core/Src/oled_init.o
LOAD ./Core/Src/stm32f4xx_hal_msp.o
LOAD ./Core/Src/stm32f4xx_it.o
LOAD ./Core/Src/syscalls.o
LOAD ./Core/Src/sysmem.o
LOAD ./Core/Src/system_stm32f4xx.o
LOAD ./Core/Startup/startup_stm32f411retx.o
LOAD ./Drivers/STM32F4xx_HAL_Driver/Src/stm32f4xx_hal.o
LOAD ./Drivers/STM32F4xx_HAL_Driver/Src/stm32f4xx_hal_cortex.o
LOAD ./Drivers/STM32F4xx_HAL_Driver/Src/stm32f4xx_hal_dma.o
LOAD ./Drivers/STM32F4xx_HAL_Driver/Src/stm32f4xx_hal_dma_ex.o
LOAD ./Drivers/STM32F4xx_HAL_Driver/Src/stm32f4xx_hal_exti.o
LOAD ./Drivers/STM32F4xx_HAL_Driver/Src/stm32f4xx_hal_flash.o
LOAD ./Drivers/STM32F4xx_HAL_Driver/Src/stm32f4xx_hal_flash_ex.o
LOAD ./Drivers/STM32F4xx_HAL_Driver/Src/stm32f4xx_hal_flash_ramfunc.o
LOAD ./Drivers/STM32F4xx_HAL_Driver/Src/stm32f4xx_hal_gpio.o
LOAD ./Drivers/STM32F4xx_HAL_Driver/Src/stm32f4xx_hal_i2c.o
LOAD ./Drivers/STM32F4xx_HAL_Driver/Src/stm32f4xx_hal_i2c_ex.o
LOAD ./Drivers/STM32F4xx_HAL_Driver/Src/stm32f4xx_hal_pwr.o
LOAD ./Drivers/STM32F4xx_HAL_Driver/Src/stm32f4xx_hal_pwr_ex.o
LOAD ./Drivers/STM32F4xx_HAL_Driver/Src/stm32f4xx_hal_rcc.o
LOAD ./Drivers/STM32F4xx_HAL_Driver/Src/stm32f4xx_hal_rcc_ex.o
LOAD ./Drivers/STM32F4xx_HAL_Driver/Src/stm32f4xx_hal_tim.o
LOAD ./Drivers/STM32F4xx_HAL_Driver/Src/stm32f4xx_hal_tim_ex.o
LOAD ./Drivers/STM32F4xx_HAL_Driver/Src/stm32f4xx_hal_uart.o
START GROUP
LOAD d:/stm32cubeide_1.11.2/stm32cubeide/plugins/com.st.stm32cube.ide.mcu.externaltools.gnu-tools-for-stm32.10.3-2021.10.win32_1.0.100.202210260954/tools/bin/../lib/gcc/arm-none-eabi/10.3.1/../../../../arm-none-eabi/lib/thumb/v7e-m+fp/hard\libc_nano.a
LOAD d:/stm32cubeide_1.11.2/stm32cubeide/plugins/com.st.stm32cube.ide.mcu.externaltools.gnu-tools-for-stm32.10.3-2021.10.win32_1.0.100.202210260954/tools/bin/../lib/gcc/arm-none-eabi/10.3.1/../../../../arm-none-eabi/lib/thumb/v7e-m+fp/hard\libm.a
END GROUP
START GROUP
LOAD d:/stm32cubeide_1.11.2/stm32cubeide/plugins/com.st.stm32cube.ide.mcu.externaltools.gnu-tools-for-stm32.10.3-2021.10.win32_1.0.100.202210260954/tools/bin/../lib/gcc/arm-none-eabi/10.3.1/thumb/v7e-m+fp/hard\libgcc.a
LOAD d:/stm32cubeide_1.11.2/stm32cubeide/plugins/com.st.stm32cube.ide.mcu.externaltools.gnu-tools-for-stm32.10.3-2021.10.win32_1.0.100.202210260954/tools/bin/../lib/gcc/arm-none-eabi/10.3.1/../../../../arm-none-eabi/lib/thumb/v7e-m+fp/hard\libc_nano.a
END GROUP
START GROUP
LOAD d:/stm32cubeide_1.11.2/stm32cubeide/plugins/com.st.stm32cube.ide.mcu.externaltools.gnu-tools-for-stm32.10.3-2021.10.win32_1.0.100.202210260954/tools/bin/../lib/gcc/arm-none-eabi/10.3.1/thumb/v7e-m+fp/hard\libgcc.a
LOAD d:/stm32cubeide_1.11.2/stm32cubeide/plugins/com.st.stm32cube.ide.mcu.externaltools.gnu-tools-for-stm32.10.3-2021.10.win32_1.0.100.202210260954/tools/bin/../lib/gcc/arm-none-eabi/10.3.1/../../../../arm-none-eabi/lib/thumb/v7e-m+fp/hard\libc_nano.a
LOAD d:/stm32cubeide_1.11.2/stm32cubeide/plugins/com.st.stm32cube.ide.mcu.externaltools.gnu-tools-for-stm32.10.3-2021.10.win32_1.0.100.202210260954/tools/bin/../lib/gcc/arm-none-eabi/10.3.1/../../../../arm-none-eabi/lib/thumb/v7e-m+fp/hard\libnosys.a
END GROUP
START GROUP
LOAD d:/stm32cubeide_1.11.2/stm32cubeide/plugins/com.st.stm32cube.ide.mcu.externaltools.gnu-tools-for-stm32.10.3-2021.10.win32_1.0.100.202210260954/tools/bin/../lib/gcc/arm-none-eabi/10.3.1/thumb/v7e-m+fp/hard\libgcc.a
LOAD d:/stm32cubeide_1.11.2/stm32cubeide/plugins/com.st.stm32cube.ide.mcu.externaltools.gnu-tools-for-stm32.10.3-2021.10.win32_1.0.100.202210260954/tools/bin/../lib/gcc/arm-none-eabi/10.3.1/../../../../arm-none-eabi/lib/thumb/v7e-m+fp/hard\libc_nano.a
LOAD d:/stm32cubeide_1.11.2/stm32cubeide/plugins/com.st.stm32cube.ide.mcu.externaltools.gnu-tools-for-stm32.10.3-2021.10.win32_1.0.100.202210260954/tools/bin/../lib/gcc/arm-none-eabi/10.3.1/../../../../arm-none-eabi/lib/thumb/v7e-m+fp/hard\libnosys.a
END GROUP
LOAD d:/stm32cubeide_1.11.2/stm32cubeide/plugins/com.st.stm32cube.ide.mcu.externaltools.gnu-tools-for-stm32.10.3-2021.10.win32_1.0.100.202210260954/tools/bin/../lib/gcc/arm-none-eabi/10.3.1/thumb/v7e-m+fp/hard/crtend.o
LOAD d:/stm32cubeide_1.11.2/stm32cubeide/plugins/com.st.stm32cube.ide.mcu.externaltools.gnu-tools-for-stm32.10.3-2021.10.win32_1.0.100.202210260954/tools/bin/../lib/gcc/arm-none-eabi/10.3.1/thumb/v7e-m+fp/hard/crtn.o
                0x0000000020020000                _estack = (ORIGIN (RAM) + LENGTH (RAM))
                0x0000000000000200                _Min_Heap_Size = 0x200
                0x0000000000000400                _Min_Stack_Size = 0x400

.isr_vector     0x0000000008000000      0x198
                0x0000000008000000                . = ALIGN (0x4)
 *(.isr_vector)
 .isr_vector    0x0000000008000000      0x198 ./Core/Startup/startup_stm32f411retx.o
                0x0000000008000000                g_pfnVectors
                0x0000000008000198                . = ALIGN (0x4)

.text           0x0000000008000198     0x3538
                0x0000000008000198                . = ALIGN (0x4)
 *(.text)
 .text          0x0000000008000198       0x40 d:/stm32cubeide_1.11.2/stm32cubeide/plugins/com.st.stm32cube.ide.mcu.externaltools.gnu-tools-for-stm32.10.3-2021.10.win32_1.0.100.202210260954/tools/bin/../lib/gcc/arm-none-eabi/10.3.1/thumb/v7e-m+fp/hard/crtbegin.o
 .text          0x00000000080001d8       0x30 d:/stm32cubeide_1.11.2/stm32cubeide/plugins/com.st.stm32cube.ide.mcu.externaltools.gnu-tools-for-stm32.10.3-2021.10.win32_1.0.100.202210260954/tools/bin/../lib/gcc/arm-none-eabi/10.3.1/thumb/v7e-m+fp/hard\libgcc.a(_aeabi_uldivmod.o)
                0x00000000080001d8                __aeabi_uldivmod
 .text          0x0000000008000208      0x2d0 d:/stm32cubeide_1.11.2/stm32cubeide/plugins/com.st.stm32cube.ide.mcu.externaltools.gnu-tools-for-stm32.10.3-2021.10.win32_1.0.100.202210260954/tools/bin/../lib/gcc/arm-none-eabi/10.3.1/thumb/v7e-m+fp/hard\libgcc.a(_udivmoddi4.o)
                0x0000000008000208                __udivmoddi4
 .text          0x00000000080004d8        0x4 d:/stm32cubeide_1.11.2/stm32cubeide/plugins/com.st.stm32cube.ide.mcu.externaltools.gnu-tools-for-stm32.10.3-2021.10.win32_1.0.100.202210260954/tools/bin/../lib/gcc/arm-none-eabi/10.3.1/thumb/v7e-m+fp/hard\libgcc.a(_dvmd_tls.o)
                0x00000000080004d8                __aeabi_idiv0
                0x00000000080004d8                __aeabi_ldiv0
 *(.text*)
 .text.main     0x00000000080004dc      0x118 ./Core/Src/main.o
                0x00000000080004dc                main
 .text.SystemClock_Config
                0x00000000080005f4       0xd4 ./Core/Src/main.o
                0x00000000080005f4                SystemClock_Config
 .text.MX_I2C1_Init
                0x00000000080006c8       0x5c ./Core/Src/main.o
 .text.MX_USART2_UART_Init
                0x0000000008000724       0x54 ./Core/Src/main.o
 .text.MX_GPIO_Init
                0x0000000008000778       0xdc ./Core/Src/main.o
 .text.Error_Handler
                0x0000000008000854        0xa ./Core/Src/main.o
                0x0000000008000854                Error_Handler
 .text.SSD1306_Putc
                0x000000000800085e       0xfc ./Core/Src/oled_functions.o
                0x000000000800085e                SSD1306_Putc
 .text.SSD1306_Puts
                0x000000000800095a       0x4a ./Core/Src/oled_functions.o
                0x000000000800095a                SSD1306_Puts
 .text.SSD1306_DrawLine
                0x00000000080009a4      0x1f6 ./Core/Src/oled_functions.o
                0x00000000080009a4                SSD1306_DrawLine
 .text.SSD1306_DrawCircle
                0x0000000008000b9a      0x1a8 ./Core/Src/oled_functions.o
                0x0000000008000b9a                SSD1306_DrawCircle
 .text.SSD1306_DrawFilledCircle
                0x0000000008000d42      0x1b6 ./Core/Src/oled_functions.o
                0x0000000008000d42                SSD1306_DrawFilledCircle
 .text.SSD1306_SetXY
                0x0000000008000ef8       0x2c ./Core/Src/oled_gram.o
                0x0000000008000ef8                SSD1306_SetXY
 .text.SSD1306_GetXY
                0x0000000008000f24       0x2c ./Core/Src/oled_gram.o
                0x0000000008000f24                SSD1306_GetXY
 .text.SSD1306_ResetStructure
                0x0000000008000f50       0x2c ./Core/Src/oled_gram.o
                0x0000000008000f50                SSD1306_ResetStructure
 .text.SSD1306_GetBufor
                0x0000000008000f7c       0x28 ./Core/Src/oled_gram.o
                0x0000000008000f7c                SSD1306_GetBufor
 .text.SSD1306_ToggleInvert
                0x0000000008000fa4       0x54 ./Core/Src/oled_gram.o
                0x0000000008000fa4                SSD1306_ToggleInvert
 .text.SSD1306_Fill
                0x0000000008000ff8       0x48 ./Core/Src/oled_gram.o
                0x0000000008000ff8                SSD1306_Fill
 .text.SSD1306_DrawPixel
                0x0000000008001040       0xc0 ./Core/Src/oled_gram.o
                0x0000000008001040                SSD1306_DrawPixel
 .text.SSD1306_Init
                0x0000000008001100      0x174 ./Core/Src/oled_init.o
                0x0000000008001100                SSD1306_Init
 .text.SSD1306_Clear
                0x0000000008001274       0x12 ./Core/Src/oled_init.o
                0x0000000008001274                SSD1306_Clear
 .text.SSD1306_UpdateScreen
                0x0000000008001286       0x70 ./Core/Src/oled_init.o
                0x0000000008001286                SSD1306_UpdateScreen
 *fill*         0x00000000080012f6        0x2 
 .text.ssd1306_I2C_Init
                0x00000000080012f8       0x2c ./Core/Src/oled_init.o
                0x00000000080012f8                ssd1306_I2C_Init
 .text.ssd1306_I2C_WriteMulti
                0x0000000008001324       0xcc ./Core/Src/oled_init.o
                0x0000000008001324                ssd1306_I2C_WriteMulti
 .text.ssd1306_I2C_Write
                0x00000000080013f0       0x3c ./Core/Src/oled_init.o
                0x00000000080013f0                ssd1306_I2C_Write
 .text.HAL_MspInit
                0x000000000800142c       0x50 ./Core/Src/stm32f4xx_hal_msp.o
                0x000000000800142c                HAL_MspInit
 .text.HAL_I2C_MspInit
                0x000000000800147c       0x90 ./Core/Src/stm32f4xx_hal_msp.o
                0x000000000800147c                HAL_I2C_MspInit
 .text.HAL_UART_MspInit
                0x000000000800150c       0x90 ./Core/Src/stm32f4xx_hal_msp.o
                0x000000000800150c                HAL_UART_MspInit
 .text.NMI_Handler
                0x000000000800159c        0x6 ./Core/Src/stm32f4xx_it.o
                0x000000000800159c                NMI_Handler
 .text.HardFault_Handler
                0x00000000080015a2        0x6 ./Core/Src/stm32f4xx_it.o
                0x00000000080015a2                HardFault_Handler
 .text.MemManage_Handler
                0x00000000080015a8        0x6 ./Core/Src/stm32f4xx_it.o
                0x00000000080015a8                MemManage_Handler
 .text.BusFault_Handler
                0x00000000080015ae        0x6 ./Core/Src/stm32f4xx_it.o
                0x00000000080015ae                BusFault_Handler
 .text.UsageFault_Handler
                0x00000000080015b4        0x6 ./Core/Src/stm32f4xx_it.o
                0x00000000080015b4                UsageFault_Handler
 .text.SVC_Handler
                0x00000000080015ba        0xe ./Core/Src/stm32f4xx_it.o
                0x00000000080015ba                SVC_Handler
 .text.DebugMon_Handler
                0x00000000080015c8        0xe ./Core/Src/stm32f4xx_it.o
                0x00000000080015c8                DebugMon_Handler
 .text.PendSV_Handler
                0x00000000080015d6        0xe ./Core/Src/stm32f4xx_it.o
                0x00000000080015d6                PendSV_Handler
 .text.SysTick_Handler
                0x00000000080015e4        0xc ./Core/Src/stm32f4xx_it.o
                0x00000000080015e4                SysTick_Handler
 .text.SystemInit
                0x00000000080015f0       0x24 ./Core/Src/system_stm32f4xx.o
                0x00000000080015f0                SystemInit
 .text.Reset_Handler
                0x0000000008001614       0x50 ./Core/Startup/startup_stm32f411retx.o
                0x0000000008001614                Reset_Handler
 .text.Default_Handler
                0x0000000008001664        0x2 ./Core/Startup/startup_stm32f411retx.o
                0x0000000008001664                RTC_Alarm_IRQHandler
                0x0000000008001664                EXTI2_IRQHandler
                0x0000000008001664                SPI4_IRQHandler
                0x0000000008001664                TIM1_CC_IRQHandler
                0x0000000008001664                DMA2_Stream5_IRQHandler
                0x0000000008001664                DMA1_Stream5_IRQHandler
                0x0000000008001664                PVD_IRQHandler
                0x0000000008001664                SDIO_IRQHandler
                0x0000000008001664                TAMP_STAMP_IRQHandler
                0x0000000008001664                EXTI3_IRQHandler
                0x0000000008001664                TIM1_UP_TIM10_IRQHandler
                0x0000000008001664                I2C3_ER_IRQHandler
                0x0000000008001664                EXTI0_IRQHandler
                0x0000000008001664                I2C2_EV_IRQHandler
                0x0000000008001664                DMA1_Stream2_IRQHandler
                0x0000000008001664                FPU_IRQHandler
                0x0000000008001664                DMA2_Stream2_IRQHandler
                0x0000000008001664                SPI1_IRQHandler
                0x0000000008001664                TIM1_BRK_TIM9_IRQHandler
                0x0000000008001664                DMA2_Stream3_IRQHandler
                0x0000000008001664                USART6_IRQHandler
                0x0000000008001664                DMA2_Stream0_IRQHandler
                0x0000000008001664                TIM4_IRQHandler
                0x0000000008001664                I2C1_EV_IRQHandler
                0x0000000008001664                DMA1_Stream6_IRQHandler
                0x0000000008001664                DMA1_Stream1_IRQHandler
                0x0000000008001664                TIM3_IRQHandler
                0x0000000008001664                RCC_IRQHandler
                0x0000000008001664                Default_Handler
                0x0000000008001664                EXTI15_10_IRQHandler
                0x0000000008001664                ADC_IRQHandler
                0x0000000008001664                DMA1_Stream7_IRQHandler
                0x0000000008001664                SPI5_IRQHandler
                0x0000000008001664                TIM5_IRQHandler
                0x0000000008001664                DMA2_Stream7_IRQHandler
                0x0000000008001664                I2C3_EV_IRQHandler
                0x0000000008001664                EXTI9_5_IRQHandler
                0x0000000008001664                RTC_WKUP_IRQHandler
                0x0000000008001664                SPI2_IRQHandler
                0x0000000008001664                DMA1_Stream0_IRQHandler
                0x0000000008001664                EXTI4_IRQHandler
                0x0000000008001664                WWDG_IRQHandler
                0x0000000008001664                TIM2_IRQHandler
                0x0000000008001664                OTG_FS_WKUP_IRQHandler
                0x0000000008001664                TIM1_TRG_COM_TIM11_IRQHandler
                0x0000000008001664                EXTI1_IRQHandler
                0x0000000008001664                USART2_IRQHandler
                0x0000000008001664                I2C2_ER_IRQHandler
                0x0000000008001664                DMA2_Stream1_IRQHandler
                0x0000000008001664                FLASH_IRQHandler
                0x0000000008001664                DMA2_Stream4_IRQHandler
                0x0000000008001664                USART1_IRQHandler
                0x0000000008001664                OTG_FS_IRQHandler
                0x0000000008001664                SPI3_IRQHandler
                0x0000000008001664                DMA1_Stream4_IRQHandler
                0x0000000008001664                I2C1_ER_IRQHandler
                0x0000000008001664                DMA2_Stream6_IRQHandler
                0x0000000008001664                DMA1_Stream3_IRQHandler
 *fill*         0x0000000008001666        0x2 
 .text.HAL_Init
                0x0000000008001668       0x44 ./Drivers/STM32F4xx_HAL_Driver/Src/stm32f4xx_hal.o
                0x0000000008001668                HAL_Init
 .text.HAL_InitTick
                0x00000000080016ac       0x60 ./Drivers/STM32F4xx_HAL_Driver/Src/stm32f4xx_hal.o
                0x00000000080016ac                HAL_InitTick
 .text.HAL_IncTick
                0x000000000800170c       0x28 ./Drivers/STM32F4xx_HAL_Driver/Src/stm32f4xx_hal.o
                0x000000000800170c                HAL_IncTick
 .text.HAL_GetTick
                0x0000000008001734       0x18 ./Drivers/STM32F4xx_HAL_Driver/Src/stm32f4xx_hal.o
                0x0000000008001734                HAL_GetTick
 .text.HAL_Delay
                0x000000000800174c       0x48 ./Drivers/STM32F4xx_HAL_Driver/Src/stm32f4xx_hal.o
                0x000000000800174c                HAL_Delay
 .text.__NVIC_SetPriorityGrouping
                0x0000000008001794       0x48 ./Drivers/STM32F4xx_HAL_Driver/Src/stm32f4xx_hal_cortex.o
 .text.__NVIC_GetPriorityGrouping
                0x00000000080017dc       0x1c ./Drivers/STM32F4xx_HAL_Driver/Src/stm32f4xx_hal_cortex.o
 .text.__NVIC_SetPriority
                0x00000000080017f8       0x54 ./Drivers/STM32F4xx_HAL_Driver/Src/stm32f4xx_hal_cortex.o
 .text.NVIC_EncodePriority
                0x000000000800184c       0x66 ./Drivers/STM32F4xx_HAL_Driver/Src/stm32f4xx_hal_cortex.o
 *fill*         0x00000000080018b2        0x2 
 .text.SysTick_Config
                0x00000000080018b4       0x44 ./Drivers/STM32F4xx_HAL_Driver/Src/stm32f4xx_hal_cortex.o
 .text.HAL_NVIC_SetPriorityGrouping
                0x00000000080018f8       0x16 ./Drivers/STM32F4xx_HAL_Driver/Src/stm32f4xx_hal_cortex.o
                0x00000000080018f8                HAL_NVIC_SetPriorityGrouping
 .text.HAL_NVIC_SetPriority
                0x000000000800190e       0x38 ./Drivers/STM32F4xx_HAL_Driver/Src/stm32f4xx_hal_cortex.o
                0x000000000800190e                HAL_NVIC_SetPriority
 .text.HAL_SYSTICK_Config
                0x0000000008001946       0x18 ./Drivers/STM32F4xx_HAL_Driver/Src/stm32f4xx_hal_cortex.o
                0x0000000008001946                HAL_SYSTICK_Config
 *fill*         0x000000000800195e        0x2 
 .text.HAL_GPIO_Init
                0x0000000008001960      0x308 ./Drivers/STM32F4xx_HAL_Driver/Src/stm32f4xx_hal_gpio.o
                0x0000000008001960                HAL_GPIO_Init
 .text.HAL_GPIO_WritePin
                0x0000000008001c68       0x32 ./Drivers/STM32F4xx_HAL_Driver/Src/stm32f4xx_hal_gpio.o
                0x0000000008001c68                HAL_GPIO_WritePin
 *fill*         0x0000000008001c9a        0x2 
 .text.HAL_I2C_Init
                0x0000000008001c9c      0x288 ./Drivers/STM32F4xx_HAL_Driver/Src/stm32f4xx_hal_i2c.o
                0x0000000008001c9c                HAL_I2C_Init
 .text.HAL_I2C_Master_Transmit
                0x0000000008001f24      0x1fc ./Drivers/STM32F4xx_HAL_Driver/Src/stm32f4xx_hal_i2c.o
                0x0000000008001f24                HAL_I2C_Master_Transmit
 .text.HAL_I2C_IsDeviceReady
                0x0000000008002120      0x25c ./Drivers/STM32F4xx_HAL_Driver/Src/stm32f4xx_hal_i2c.o
                0x0000000008002120                HAL_I2C_IsDeviceReady
 .text.I2C_MasterRequestWrite
                0x000000000800237c      0x104 ./Drivers/STM32F4xx_HAL_Driver/Src/stm32f4xx_hal_i2c.o
 .text.I2C_WaitOnFlagUntilTimeout
                0x0000000008002480       0xae ./Drivers/STM32F4xx_HAL_Driver/Src/stm32f4xx_hal_i2c.o
 .text.I2C_WaitOnMasterAddressFlagUntilTimeout
                0x000000000800252e       0xfe ./Drivers/STM32F4xx_HAL_Driver/Src/stm32f4xx_hal_i2c.o
 .text.I2C_WaitOnTXEFlagUntilTimeout
                0x000000000800262c       0x82 ./Drivers/STM32F4xx_HAL_Driver/Src/stm32f4xx_hal_i2c.o
 .text.I2C_WaitOnBTFFlagUntilTimeout
                0x00000000080026ae       0x82 ./Drivers/STM32F4xx_HAL_Driver/Src/stm32f4xx_hal_i2c.o
 .text.I2C_IsAcknowledgeFailed
                0x0000000008002730       0x5e ./Drivers/STM32F4xx_HAL_Driver/Src/stm32f4xx_hal_i2c.o
 *fill*         0x000000000800278e        0x2 
 .text.HAL_RCC_OscConfig
                0x0000000008002790      0x4f0 ./Drivers/STM32F4xx_HAL_Driver/Src/stm32f4xx_hal_rcc.o
                0x0000000008002790                HAL_RCC_OscConfig
 .text.HAL_RCC_ClockConfig
                0x0000000008002c80      0x1cc ./Drivers/STM32F4xx_HAL_Driver/Src/stm32f4xx_hal_rcc.o
                0x0000000008002c80                HAL_RCC_ClockConfig
 .text.HAL_RCC_GetSysClockFreq
                0x0000000008002e4c      0x20c ./Drivers/STM32F4xx_HAL_Driver/Src/stm32f4xx_hal_rcc.o
                0x0000000008002e4c                HAL_RCC_GetSysClockFreq
 .text.HAL_RCC_GetHCLKFreq
                0x0000000008003058       0x18 ./Drivers/STM32F4xx_HAL_Driver/Src/stm32f4xx_hal_rcc.o
                0x0000000008003058                HAL_RCC_GetHCLKFreq
 .text.HAL_RCC_GetPCLK1Freq
                0x0000000008003070       0x28 ./Drivers/STM32F4xx_HAL_Driver/Src/stm32f4xx_hal_rcc.o
                0x0000000008003070                HAL_RCC_GetPCLK1Freq
 .text.HAL_RCC_GetPCLK2Freq
                0x0000000008003098       0x28 ./Drivers/STM32F4xx_HAL_Driver/Src/stm32f4xx_hal_rcc.o
                0x0000000008003098                HAL_RCC_GetPCLK2Freq
 .text.HAL_UART_Init
                0x00000000080030c0       0x9a ./Drivers/STM32F4xx_HAL_Driver/Src/stm32f4xx_hal_uart.o
                0x00000000080030c0                HAL_UART_Init
 *fill*         0x000000000800315a        0x2 
 .text.UART_SetConfig
                0x000000000800315c      0x4e8 ./Drivers/STM32F4xx_HAL_Driver/Src/stm32f4xx_hal_uart.o
 .text.__libc_init_array
                0x0000000008003644       0x48 d:/stm32cubeide_1.11.2/stm32cubeide/plugins/com.st.stm32cube.ide.mcu.externaltools.gnu-tools-for-stm32.10.3-2021.10.win32_1.0.100.202210260954/tools/bin/../lib/gcc/arm-none-eabi/10.3.1/../../../../arm-none-eabi/lib/thumb/v7e-m+fp/hard\libc_nano.a(lib_a-init.o)
                0x0000000008003644                __libc_init_array
 .text.memcpy   0x000000000800368c       0x1c d:/stm32cubeide_1.11.2/stm32cubeide/plugins/com.st.stm32cube.ide.mcu.externaltools.gnu-tools-for-stm32.10.3-2021.10.win32_1.0.100.202210260954/tools/bin/../lib/gcc/arm-none-eabi/10.3.1/../../../../arm-none-eabi/lib/thumb/v7e-m+fp/hard\libc_nano.a(lib_a-memcpy-stub.o)
                0x000000000800368c                memcpy
 .text.memset   0x00000000080036a8       0x10 d:/stm32cubeide_1.11.2/stm32cubeide/plugins/com.st.stm32cube.ide.mcu.externaltools.gnu-tools-for-stm32.10.3-2021.10.win32_1.0.100.202210260954/tools/bin/../lib/gcc/arm-none-eabi/10.3.1/../../../../arm-none-eabi/lib/thumb/v7e-m+fp/hard\libc_nano.a(lib_a-memset.o)
                0x00000000080036a8                memset
 *(.glue_7)
 .glue_7        0x00000000080036b8        0x0 linker stubs
 *(.glue_7t)
 .glue_7t       0x00000000080036b8        0x0 linker stubs
 *(.eh_frame)
 .eh_frame      0x00000000080036b8        0x0 d:/stm32cubeide_1.11.2/stm32cubeide/plugins/com.st.stm32cube.ide.mcu.externaltools.gnu-tools-for-stm32.10.3-2021.10.win32_1.0.100.202210260954/tools/bin/../lib/gcc/arm-none-eabi/10.3.1/thumb/v7e-m+fp/hard/crtbegin.o
 *(.init)
 .init          0x00000000080036b8        0x4 d:/stm32cubeide_1.11.2/stm32cubeide/plugins/com.st.stm32cube.ide.mcu.externaltools.gnu-tools-for-stm32.10.3-2021.10.win32_1.0.100.202210260954/tools/bin/../lib/gcc/arm-none-eabi/10.3.1/thumb/v7e-m+fp/hard/crti.o
                0x00000000080036b8                _init
 .init          0x00000000080036bc        0x8 d:/stm32cubeide_1.11.2/stm32cubeide/plugins/com.st.stm32cube.ide.mcu.externaltools.gnu-tools-for-stm32.10.3-2021.10.win32_1.0.100.202210260954/tools/bin/../lib/gcc/arm-none-eabi/10.3.1/thumb/v7e-m+fp/hard/crtn.o
 *(.fini)
 .fini          0x00000000080036c4        0x4 d:/stm32cubeide_1.11.2/stm32cubeide/plugins/com.st.stm32cube.ide.mcu.externaltools.gnu-tools-for-stm32.10.3-2021.10.win32_1.0.100.202210260954/tools/bin/../lib/gcc/arm-none-eabi/10.3.1/thumb/v7e-m+fp/hard/crti.o
                0x00000000080036c4                _fini
 .fini          0x00000000080036c8        0x8 d:/stm32cubeide_1.11.2/stm32cubeide/plugins/com.st.stm32cube.ide.mcu.externaltools.gnu-tools-for-stm32.10.3-2021.10.win32_1.0.100.202210260954/tools/bin/../lib/gcc/arm-none-eabi/10.3.1/thumb/v7e-m+fp/hard/crtn.o
                0x00000000080036d0                . = ALIGN (0x4)
                0x00000000080036d0                _etext = .

.vfp11_veneer   0x00000000080036d0        0x0
 .vfp11_veneer  0x00000000080036d0        0x0 linker stubs

.v4_bx          0x00000000080036d0        0x0
 .v4_bx         0x00000000080036d0        0x0 linker stubs

.iplt           0x00000000080036d0        0x0
 .iplt          0x00000000080036d0        0x0 d:/stm32cubeide_1.11.2/stm32cubeide/plugins/com.st.stm32cube.ide.mcu.externaltools.gnu-tools-for-stm32.10.3-2021.10.win32_1.0.100.202210260954/tools/bin/../lib/gcc/arm-none-eabi/10.3.1/thumb/v7e-m+fp/hard/crtbegin.o

.rodata         0x00000000080036d0      0xd90
                0x00000000080036d0                . = ALIGN (0x4)
 *(.rodata)
 .rodata        0x00000000080036d0       0x1a ./Core/Src/main.o
 *(.rodata*)
 *fill*         0x00000000080036ea        0x2 
 .rodata.Font11x18
                0x00000000080036ec      0xd5c ./Core/Src/oled_fonts.o
                0x00000000080036ec                Font11x18
 .rodata.AHBPrescTable
                0x0000000008004448       0x10 ./Core/Src/system_stm32f4xx.o
                0x0000000008004448                AHBPrescTable
 .rodata.APBPrescTable
                0x0000000008004458        0x8 ./Core/Src/system_stm32f4xx.o
                0x0000000008004458                APBPrescTable
                0x0000000008004460                . = ALIGN (0x4)

.ARM.extab      0x0000000008004460        0x0
                0x0000000008004460                . = ALIGN (0x4)
 *(.ARM.extab* .gnu.linkonce.armextab.*)
                0x0000000008004460                . = ALIGN (0x4)

.ARM            0x0000000008004460        0x8
                0x0000000008004460                . = ALIGN (0x4)
                0x0000000008004460                __exidx_start = .
 *(.ARM.exidx*)
 .ARM.exidx     0x0000000008004460        0x8 d:/stm32cubeide_1.11.2/stm32cubeide/plugins/com.st.stm32cube.ide.mcu.externaltools.gnu-tools-for-stm32.10.3-2021.10.win32_1.0.100.202210260954/tools/bin/../lib/gcc/arm-none-eabi/10.3.1/thumb/v7e-m+fp/hard\libgcc.a(_udivmoddi4.o)
                0x0000000008004468                __exidx_end = .
                0x0000000008004468                . = ALIGN (0x4)

.rel.dyn        0x0000000008004468        0x0
 .rel.iplt      0x0000000008004468        0x0 d:/stm32cubeide_1.11.2/stm32cubeide/plugins/com.st.stm32cube.ide.mcu.externaltools.gnu-tools-for-stm32.10.3-2021.10.win32_1.0.100.202210260954/tools/bin/../lib/gcc/arm-none-eabi/10.3.1/thumb/v7e-m+fp/hard/crtbegin.o

.preinit_array  0x0000000008004468        0x0
                0x0000000008004468                . = ALIGN (0x4)
                0x0000000008004468                PROVIDE (__preinit_array_start = .)
 *(.preinit_array*)
                0x0000000008004468                PROVIDE (__preinit_array_end = .)
                0x0000000008004468                . = ALIGN (0x4)

.init_array     0x0000000008004468        0x4
                0x0000000008004468                . = ALIGN (0x4)
                0x0000000008004468                PROVIDE (__init_array_start = .)
 *(SORT_BY_NAME(.init_array.*))
 *(.init_array*)
 .init_array    0x0000000008004468        0x4 d:/stm32cubeide_1.11.2/stm32cubeide/plugins/com.st.stm32cube.ide.mcu.externaltools.gnu-tools-for-stm32.10.3-2021.10.win32_1.0.100.202210260954/tools/bin/../lib/gcc/arm-none-eabi/10.3.1/thumb/v7e-m+fp/hard/crtbegin.o
                0x000000000800446c                PROVIDE (__init_array_end = .)
                0x000000000800446c                . = ALIGN (0x4)

.fini_array     0x000000000800446c        0x4
                0x000000000800446c                . = ALIGN (0x4)
                [!provide]                        PROVIDE (__fini_array_start = .)
 *(SORT_BY_NAME(.fini_array.*))
 *(.fini_array*)
 .fini_array    0x000000000800446c        0x4 d:/stm32cubeide_1.11.2/stm32cubeide/plugins/com.st.stm32cube.ide.mcu.externaltools.gnu-tools-for-stm32.10.3-2021.10.win32_1.0.100.202210260954/tools/bin/../lib/gcc/arm-none-eabi/10.3.1/thumb/v7e-m+fp/hard/crtbegin.o
                [!provide]                        PROVIDE (__fini_array_end = .)
                0x0000000008004470                . = ALIGN (0x4)
                0x0000000008004470                _sidata = LOADADDR (.data)

.data           0x0000000020000000       0x14 load address 0x0000000008004470
                0x0000000020000000                . = ALIGN (0x4)
                0x0000000020000000                _sdata = .
 *(.data)
 *(.data*)
 .data.Font_11x18
                0x0000000020000000        0x8 ./Core/Src/oled_fonts.o
                0x0000000020000000                Font_11x18
 .data.SystemCoreClock
                0x0000000020000008        0x4 ./Core/Src/system_stm32f4xx.o
                0x0000000020000008                SystemCoreClock
 .data.uwTickPrio
                0x000000002000000c        0x4 ./Drivers/STM32F4xx_HAL_Driver/Src/stm32f4xx_hal.o
                0x000000002000000c                uwTickPrio
 .data.uwTickFreq
                0x0000000020000010        0x1 ./Drivers/STM32F4xx_HAL_Driver/Src/stm32f4xx_hal.o
                0x0000000020000010                uwTickFreq
 *(.RamFunc)
 *(.RamFunc*)
                0x0000000020000014                . = ALIGN (0x4)
 *fill*         0x0000000020000011        0x3 
                0x0000000020000014                _edata = .

.igot.plt       0x0000000020000014        0x0 load address 0x0000000008004484
 .igot.plt      0x0000000020000014        0x0 d:/stm32cubeide_1.11.2/stm32cubeide/plugins/com.st.stm32cube.ide.mcu.externaltools.gnu-tools-for-stm32.10.3-2021.10.win32_1.0.100.202210260954/tools/bin/../lib/gcc/arm-none-eabi/10.3.1/thumb/v7e-m+fp/hard/crtbegin.o
                0x0000000020000014                . = ALIGN (0x4)

.bss            0x0000000020000014      0x4c0 load address 0x0000000008004484
                0x0000000020000014                _sbss = .
                0x0000000020000014                __bss_start__ = _sbss
 *(.bss)
 .bss           0x0000000020000014       0x1c d:/stm32cubeide_1.11.2/stm32cubeide/plugins/com.st.stm32cube.ide.mcu.externaltools.gnu-tools-for-stm32.10.3-2021.10.win32_1.0.100.202210260954/tools/bin/../lib/gcc/arm-none-eabi/10.3.1/thumb/v7e-m+fp/hard/crtbegin.o
 *(.bss*)
 .bss.hi2c1     0x0000000020000030       0x54 ./Core/Src/main.o
                0x0000000020000030                hi2c1
 .bss.huart2    0x0000000020000084       0x44 ./Core/Src/main.o
                0x0000000020000084                huart2
 .bss.SSD1306_Buffer
                0x00000000200000c8      0x400 ./Core/Src/oled_gram.o
 .bss.SSD1306   0x00000000200004c8        0x6 ./Core/Src/oled_gram.o
 *fill*         0x00000000200004ce        0x2 
 .bss.uwTick    0x00000000200004d0        0x4 ./Drivers/STM32F4xx_HAL_Driver/Src/stm32f4xx_hal.o
                0x00000000200004d0                uwTick
 *(COMMON)
                0x00000000200004d4                . = ALIGN (0x4)
                0x00000000200004d4                _ebss = .
                0x00000000200004d4                __bss_end__ = _ebss

._user_heap_stack
                0x00000000200004d4      0x604 load address 0x0000000008004484
                0x00000000200004d8                . = ALIGN (0x8)
 *fill*         0x00000000200004d4        0x4 
                [!provide]                        PROVIDE (end = .)
                0x00000000200004d8                PROVIDE (_end = .)
                0x00000000200006d8                . = (. + _Min_Heap_Size)
 *fill*         0x00000000200004d8      0x200 
                0x0000000020000ad8                . = (. + _Min_Stack_Size)
 *fill*         0x00000000200006d8      0x400 
                0x0000000020000ad8                . = ALIGN (0x8)

/DISCARD/
 libc.a(*)
 libm.a(*)
 libgcc.a(*)

.ARM.attributes
                0x0000000000000000       0x30
 *(.ARM.attributes)
 .ARM.attributes
                0x0000000000000000       0x1e d:/stm32cubeide_1.11.2/stm32cubeide/plugins/com.st.stm32cube.ide.mcu.externaltools.gnu-tools-for-stm32.10.3-2021.10.win32_1.0.100.202210260954/tools/bin/../lib/gcc/arm-none-eabi/10.3.1/thumb/v7e-m+fp/hard/crti.o
 .ARM.attributes
                0x000000000000001e       0x34 d:/stm32cubeide_1.11.2/stm32cubeide/plugins/com.st.stm32cube.ide.mcu.externaltools.gnu-tools-for-stm32.10.3-2021.10.win32_1.0.100.202210260954/tools/bin/../lib/gcc/arm-none-eabi/10.3.1/thumb/v7e-m+fp/hard/crtbegin.o
 .ARM.attributes
                0x0000000000000052       0x34 ./Core/Src/main.o
 .ARM.attributes
                0x0000000000000086       0x34 ./Core/Src/oled_fonts.o
 .ARM.attributes
                0x00000000000000ba       0x34 ./Core/Src/oled_functions.o
 .ARM.attributes
                0x00000000000000ee       0x34 ./Core/Src/oled_gram.o
 .ARM.attributes
                0x0000000000000122       0x34 ./Core/Src/oled_init.o
 .ARM.attributes
                0x0000000000000156       0x34 ./Core/Src/stm32f4xx_hal_msp.o
 .ARM.attributes
                0x000000000000018a       0x34 ./Core/Src/stm32f4xx_it.o
 .ARM.attributes
                0x00000000000001be       0x34 ./Core/Src/system_stm32f4xx.o
 .ARM.attributes
                0x00000000000001f2       0x21 ./Core/Startup/startup_stm32f411retx.o
 .ARM.attributes
                0x0000000000000213       0x34 ./Drivers/STM32F4xx_HAL_Driver/Src/stm32f4xx_hal.o
 .ARM.attributes
                0x0000000000000247       0x34 ./Drivers/STM32F4xx_HAL_Driver/Src/stm32f4xx_hal_cortex.o
 .ARM.attributes
                0x000000000000027b       0x34 ./Drivers/STM32F4xx_HAL_Driver/Src/stm32f4xx_hal_gpio.o
 .ARM.attributes
                0x00000000000002af       0x34 ./Drivers/STM32F4xx_HAL_Driver/Src/stm32f4xx_hal_i2c.o
 .ARM.attributes
                0x00000000000002e3       0x34 ./Drivers/STM32F4xx_HAL_Driver/Src/stm32f4xx_hal_rcc.o
 .ARM.attributes
                0x0000000000000317       0x34 ./Drivers/STM32F4xx_HAL_Driver/Src/stm32f4xx_hal_uart.o
 .ARM.attributes
                0x000000000000034b       0x34 d:/stm32cubeide_1.11.2/stm32cubeide/plugins/com.st.stm32cube.ide.mcu.externaltools.gnu-tools-for-stm32.10.3-2021.10.win32_1.0.100.202210260954/tools/bin/../lib/gcc/arm-none-eabi/10.3.1/../../../../arm-none-eabi/lib/thumb/v7e-m+fp/hard\libc_nano.a(lib_a-init.o)
 .ARM.attributes
                0x000000000000037f       0x34 d:/stm32cubeide_1.11.2/stm32cubeide/plugins/com.st.stm32cube.ide.mcu.externaltools.gnu-tools-for-stm32.10.3-2021.10.win32_1.0.100.202210260954/tools/bin/../lib/gcc/arm-none-eabi/10.3.1/../../../../arm-none-eabi/lib/thumb/v7e-m+fp/hard\libc_nano.a(lib_a-memcpy-stub.o)
 .ARM.attributes
                0x00000000000003b3       0x34 d:/stm32cubeide_1.11.2/stm32cubeide/plugins/com.st.stm32cube.ide.mcu.externaltools.gnu-tools-for-stm32.10.3-2021.10.win32_1.0.100.202210260954/tools/bin/../lib/gcc/arm-none-eabi/10.3.1/../../../../arm-none-eabi/lib/thumb/v7e-m+fp/hard\libc_nano.a(lib_a-memset.o)
 .ARM.attributes
                0x00000000000003e7       0x1e d:/stm32cubeide_1.11.2/stm32cubeide/plugins/com.st.stm32cube.ide.mcu.externaltools.gnu-tools-for-stm32.10.3-2021.10.win32_1.0.100.202210260954/tools/bin/../lib/gcc/arm-none-eabi/10.3.1/thumb/v7e-m+fp/hard\libgcc.a(_aeabi_uldivmod.o)
 .ARM.attributes
                0x0000000000000405       0x34 d:/stm32cubeide_1.11.2/stm32cubeide/plugins/com.st.stm32cube.ide.mcu.externaltools.gnu-tools-for-stm32.10.3-2021.10.win32_1.0.100.202210260954/tools/bin/../lib/gcc/arm-none-eabi/10.3.1/thumb/v7e-m+fp/hard\libgcc.a(_udivmoddi4.o)
 .ARM.attributes
                0x0000000000000439       0x1e d:/stm32cubeide_1.11.2/stm32cubeide/plugins/com.st.stm32cube.ide.mcu.externaltools.gnu-tools-for-stm32.10.3-2021.10.win32_1.0.100.202210260954/tools/bin/../lib/gcc/arm-none-eabi/10.3.1/thumb/v7e-m+fp/hard\libgcc.a(_dvmd_tls.o)
 .ARM.attributes
                0x0000000000000457       0x1e d:/stm32cubeide_1.11.2/stm32cubeide/plugins/com.st.stm32cube.ide.mcu.externaltools.gnu-tools-for-stm32.10.3-2021.10.win32_1.0.100.202210260954/tools/bin/../lib/gcc/arm-none-eabi/10.3.1/thumb/v7e-m+fp/hard/crtn.o
OUTPUT(OLED_Universal.elf elf32-littlearm)
LOAD linker stubs
LOAD d:/stm32cubeide_1.11.2/stm32cubeide/plugins/com.st.stm32cube.ide.mcu.externaltools.gnu-tools-for-stm32.10.3-2021.10.win32_1.0.100.202210260954/tools/bin/../lib/gcc/arm-none-eabi/10.3.1/../../../../arm-none-eabi/lib/thumb/v7e-m+fp/hard\libc.a
LOAD d:/stm32cubeide_1.11.2/stm32cubeide/plugins/com.st.stm32cube.ide.mcu.externaltools.gnu-tools-for-stm32.10.3-2021.10.win32_1.0.100.202210260954/tools/bin/../lib/gcc/arm-none-eabi/10.3.1/../../../../arm-none-eabi/lib/thumb/v7e-m+fp/hard\libm.a
LOAD d:/stm32cubeide_1.11.2/stm32cubeide/plugins/com.st.stm32cube.ide.mcu.externaltools.gnu-tools-for-stm32.10.3-2021.10.win32_1.0.100.202210260954/tools/bin/../lib/gcc/arm-none-eabi/10.3.1/thumb/v7e-m+fp/hard\libgcc.a

.debug_info     0x0000000000000000     0xba32
 .debug_info    0x0000000000000000     0x10cd ./Core/Src/main.o
 .debug_info    0x00000000000010cd      0x27a ./Core/Src/oled_fonts.o
 .debug_info    0x0000000000001347      0x79d ./Core/Src/oled_functions.o
 .debug_info    0x0000000000001ae4      0x2bf ./Core/Src/oled_gram.o
 .debug_info    0x0000000000001da3      0x99a ./Core/Src/oled_init.o
 .debug_info    0x000000000000273d      0xced ./Core/Src/stm32f4xx_hal_msp.o
 .debug_info    0x000000000000342a      0x121 ./Core/Src/stm32f4xx_it.o
 .debug_info    0x000000000000354b      0x54f ./Core/Src/system_stm32f4xx.o
 .debug_info    0x0000000000003a9a       0x22 ./Core/Startup/startup_stm32f411retx.o
 .debug_info    0x0000000000003abc      0x90d ./Drivers/STM32F4xx_HAL_Driver/Src/stm32f4xx_hal.o
 .debug_info    0x00000000000043c9      0xd8b ./Drivers/STM32F4xx_HAL_Driver/Src/stm32f4xx_hal_cortex.o
 .debug_info    0x0000000000005154      0x78e ./Drivers/STM32F4xx_HAL_Driver/Src/stm32f4xx_hal_gpio.o
 .debug_info    0x00000000000058e2     0x260f ./Drivers/STM32F4xx_HAL_Driver/Src/stm32f4xx_hal_i2c.o
 .debug_info    0x0000000000007ef1      0x98d ./Drivers/STM32F4xx_HAL_Driver/Src/stm32f4xx_hal_rcc.o
 .debug_info    0x000000000000887e     0x31b4 ./Drivers/STM32F4xx_HAL_Driver/Src/stm32f4xx_hal_uart.o

.debug_abbrev   0x0000000000000000     0x1b56
 .debug_abbrev  0x0000000000000000      0x289 ./Core/Src/main.o
 .debug_abbrev  0x0000000000000289      0x111 ./Core/Src/oled_fonts.o
 .debug_abbrev  0x000000000000039a      0x17a ./Core/Src/oled_functions.o
 .debug_abbrev  0x0000000000000514      0x169 ./Core/Src/oled_gram.o
 .debug_abbrev  0x000000000000067d      0x21e ./Core/Src/oled_init.o
 .debug_abbrev  0x000000000000089b      0x1b0 ./Core/Src/stm32f4xx_hal_msp.o
 .debug_abbrev  0x0000000000000a4b       0x74 ./Core/Src/stm32f4xx_it.o
 .debug_abbrev  0x0000000000000abf      0x116 ./Core/Src/system_stm32f4xx.o
 .debug_abbrev  0x0000000000000bd5       0x12 ./Core/Startup/startup_stm32f411retx.o
 .debug_abbrev  0x0000000000000be7      0x23e ./Drivers/STM32F4xx_HAL_Driver/Src/stm32f4xx_hal.o
 .debug_abbrev  0x0000000000000e25      0x316 ./Drivers/STM32F4xx_HAL_Driver/Src/stm32f4xx_hal_cortex.o
 .debug_abbrev  0x000000000000113b      0x1c4 ./Drivers/STM32F4xx_HAL_Driver/Src/stm32f4xx_hal_gpio.o
 .debug_abbrev  0x00000000000012ff      0x2a8 ./Drivers/STM32F4xx_HAL_Driver/Src/stm32f4xx_hal_i2c.o
 .debug_abbrev  0x00000000000015a7      0x2aa ./Drivers/STM32F4xx_HAL_Driver/Src/stm32f4xx_hal_rcc.o
 .debug_abbrev  0x0000000000001851      0x305 ./Drivers/STM32F4xx_HAL_Driver/Src/stm32f4xx_hal_uart.o

.debug_aranges  0x0000000000000000      0xa20
 .debug_aranges
                0x0000000000000000       0x48 ./Core/Src/main.o
 .debug_aranges
                0x0000000000000048       0x20 ./Core/Src/oled_fonts.o
 .debug_aranges
                0x0000000000000068       0x68 ./Core/Src/oled_functions.o
 .debug_aranges
                0x00000000000000d0       0x50 ./Core/Src/oled_gram.o
 .debug_aranges
                0x0000000000000120       0x88 ./Core/Src/oled_init.o
 .debug_aranges
                0x00000000000001a8       0x40 ./Core/Src/stm32f4xx_hal_msp.o
 .debug_aranges
                0x00000000000001e8       0x60 ./Core/Src/stm32f4xx_it.o
 .debug_aranges
                0x0000000000000248       0x28 ./Core/Src/system_stm32f4xx.o
 .debug_aranges
                0x0000000000000270       0x28 ./Core/Startup/startup_stm32f411retx.o
 .debug_aranges
                0x0000000000000298       0xf0 ./Drivers/STM32F4xx_HAL_Driver/Src/stm32f4xx_hal.o
 .debug_aranges
                0x0000000000000388      0x118 ./Drivers/STM32F4xx_HAL_Driver/Src/stm32f4xx_hal_cortex.o
 .debug_aranges
                0x00000000000004a0       0x58 ./Drivers/STM32F4xx_HAL_Driver/Src/stm32f4xx_hal_gpio.o
 .debug_aranges
                0x00000000000004f8      0x2a0 ./Drivers/STM32F4xx_HAL_Driver/Src/stm32f4xx_hal_i2c.o
 .debug_aranges
                0x0000000000000798       0x88 ./Drivers/STM32F4xx_HAL_Driver/Src/stm32f4xx_hal_rcc.o
 .debug_aranges
                0x0000000000000820      0x200 ./Drivers/STM32F4xx_HAL_Driver/Src/stm32f4xx_hal_uart.o

.debug_ranges   0x0000000000000000      0x980
 .debug_ranges  0x0000000000000000       0x38 ./Core/Src/main.o
 .debug_ranges  0x0000000000000038       0x10 ./Core/Src/oled_fonts.o
 .debug_ranges  0x0000000000000048       0x58 ./Core/Src/oled_functions.o
 .debug_ranges  0x00000000000000a0       0x40 ./Core/Src/oled_gram.o
 .debug_ranges  0x00000000000000e0       0x78 ./Core/Src/oled_init.o
 .debug_ranges  0x0000000000000158       0x30 ./Core/Src/stm32f4xx_hal_msp.o
 .debug_ranges  0x0000000000000188       0x50 ./Core/Src/stm32f4xx_it.o
 .debug_ranges  0x00000000000001d8       0x18 ./Core/Src/system_stm32f4xx.o
 .debug_ranges  0x00000000000001f0       0x20 ./Core/Startup/startup_stm32f411retx.o
 .debug_ranges  0x0000000000000210       0xe0 ./Drivers/STM32F4xx_HAL_Driver/Src/stm32f4xx_hal.o
 .debug_ranges  0x00000000000002f0      0x108 ./Drivers/STM32F4xx_HAL_Driver/Src/stm32f4xx_hal_cortex.o
 .debug_ranges  0x00000000000003f8       0x48 ./Drivers/STM32F4xx_HAL_Driver/Src/stm32f4xx_hal_gpio.o
 .debug_ranges  0x0000000000000440      0x2a8 ./Drivers/STM32F4xx_HAL_Driver/Src/stm32f4xx_hal_i2c.o
 .debug_ranges  0x00000000000006e8       0x78 ./Drivers/STM32F4xx_HAL_Driver/Src/stm32f4xx_hal_rcc.o
 .debug_ranges  0x0000000000000760      0x220 ./Drivers/STM32F4xx_HAL_Driver/Src/stm32f4xx_hal_uart.o

.debug_macro    0x0000000000000000    0x16211
 .debug_macro   0x0000000000000000      0x313 ./Core/Src/main.o
 .debug_macro   0x0000000000000313      0xa78 ./Core/Src/main.o
 .debug_macro   0x0000000000000d8b      0x29b ./Core/Src/main.o
 .debug_macro   0x0000000000001026       0x2e ./Core/Src/main.o
 .debug_macro   0x0000000000001054       0x28 ./Core/Src/main.o
 .debug_macro   0x000000000000107c       0x22 ./Core/Src/main.o
 .debug_macro   0x000000000000109e       0x8e ./Core/Src/main.o
 .debug_macro   0x000000000000112c       0x51 ./Core/Src/main.o
 .debug_macro   0x000000000000117d      0x103 ./Core/Src/main.o
 .debug_macro   0x0000000000001280       0x6a ./Core/Src/main.o
 .debug_macro   0x00000000000012ea      0x1df ./Core/Src/main.o
 .debug_macro   0x00000000000014c9       0x1c ./Core/Src/main.o
 .debug_macro   0x00000000000014e5       0x22 ./Core/Src/main.o
 .debug_macro   0x0000000000001507       0xd9 ./Core/Src/main.o
 .debug_macro   0x00000000000015e0     0x102d ./Core/Src/main.o
 .debug_macro   0x000000000000260d      0x11f ./Core/Src/main.o
 .debug_macro   0x000000000000272c     0xb953 ./Core/Src/main.o
 .debug_macro   0x000000000000e07f       0x6d ./Core/Src/main.o
 .debug_macro   0x000000000000e0ec     0x367e ./Core/Src/main.o
 .debug_macro   0x000000000001176a      0x174 ./Core/Src/main.o
 .debug_macro   0x00000000000118de       0x5c ./Core/Src/main.o
 .debug_macro   0x000000000001193a      0x447 ./Core/Src/main.o
 .debug_macro   0x0000000000011d81      0x9fe ./Core/Src/main.o
 .debug_macro   0x000000000001277f      0x115 ./Core/Src/main.o
 .debug_macro   0x0000000000012894      0x11b ./Core/Src/main.o
 .debug_macro   0x00000000000129af       0xa5 ./Core/Src/main.o
 .debug_macro   0x0000000000012a54      0x15f ./Core/Src/main.o
 .debug_macro   0x0000000000012bb3      0x287 ./Core/Src/main.o
 .debug_macro   0x0000000000012e3a       0x5f ./Core/Src/main.o
 .debug_macro   0x0000000000012e99      0x236 ./Core/Src/main.o
 .debug_macro   0x00000000000130cf      0x132 ./Core/Src/main.o
 .debug_macro   0x0000000000013201      0x264 ./Core/Src/main.o
 .debug_macro   0x0000000000013465       0x2e ./Core/Src/main.o
 .debug_macro   0x0000000000013493      0x1b5 ./Core/Src/main.o
 .debug_macro   0x0000000000013648       0x22 ./Core/Src/main.o
 .debug_macro   0x000000000001366a       0xd6 ./Core/Src/main.o
 .debug_macro   0x0000000000013740      0x11a ./Core/Src/main.o
 .debug_macro   0x000000000001385a       0x85 ./Core/Src/main.o
 .debug_macro   0x00000000000138df       0x89 ./Core/Src/main.o
 .debug_macro   0x0000000000013968      0x295 ./Core/Src/main.o
 .debug_macro   0x0000000000013bfd      0x126 ./Core/Src/main.o
 .debug_macro   0x0000000000013d23       0x58 ./Core/Src/main.o
 .debug_macro   0x0000000000013d7b       0x10 ./Core/Src/main.o
 .debug_macro   0x0000000000013d8b       0x1e ./Core/Src/main.o
 .debug_macro   0x0000000000013da9       0x52 ./Core/Src/main.o
 .debug_macro   0x0000000000013dfb       0x3c ./Core/Src/main.o
 .debug_macro   0x0000000000013e37       0x34 ./Core/Src/main.o
 .debug_macro   0x0000000000013e6b       0x16 ./Core/Src/main.o
 .debug_macro   0x0000000000013e81       0x35 ./Core/Src/main.o
 .debug_macro   0x0000000000013eb6       0x16 ./Core/Src/main.o
 .debug_macro   0x0000000000013ecc       0x43 ./Core/Src/main.o
 .debug_macro   0x0000000000013f0f       0x34 ./Core/Src/main.o
 .debug_macro   0x0000000000013f43       0x10 ./Core/Src/main.o
 .debug_macro   0x0000000000013f53       0x58 ./Core/Src/main.o
 .debug_macro   0x0000000000013fab       0x71 ./Core/Src/main.o
 .debug_macro   0x000000000001401c       0x1c ./Core/Src/main.o
 .debug_macro   0x0000000000014038      0x12a ./Core/Src/main.o
 .debug_macro   0x0000000000014162      0x341 ./Core/Src/main.o
 .debug_macro   0x00000000000144a3       0x16 ./Core/Src/main.o
 .debug_macro   0x00000000000144b9       0x29 ./Core/Src/main.o
 .debug_macro   0x00000000000144e2       0x16 ./Core/Src/main.o
 .debug_macro   0x00000000000144f8       0x10 ./Core/Src/main.o
 .debug_macro   0x0000000000014508       0x16 ./Core/Src/main.o
 .debug_macro   0x000000000001451e       0x20 ./Core/Src/main.o
 .debug_macro   0x000000000001453e      0x2aa ./Core/Src/oled_fonts.o
 .debug_macro   0x00000000000147e8       0x10 ./Core/Src/oled_fonts.o
 .debug_macro   0x00000000000147f8      0x306 ./Core/Src/oled_functions.o
 .debug_macro   0x0000000000014afe      0x2ae ./Core/Src/oled_gram.o
 .debug_macro   0x0000000000014dac      0x300 ./Core/Src/oled_init.o
 .debug_macro   0x00000000000150ac      0x1e2 ./Core/Src/stm32f4xx_hal_msp.o
 .debug_macro   0x000000000001528e      0x1ec ./Core/Src/stm32f4xx_it.o
 .debug_macro   0x000000000001547a      0x1d3 ./Core/Src/system_stm32f4xx.o
 .debug_macro   0x000000000001564d      0x233 ./Drivers/STM32F4xx_HAL_Driver/Src/stm32f4xx_hal.o
 .debug_macro   0x0000000000015880      0x1d3 ./Drivers/STM32F4xx_HAL_Driver/Src/stm32f4xx_hal_cortex.o
 .debug_macro   0x0000000000015a53      0x1d9 ./Drivers/STM32F4xx_HAL_Driver/Src/stm32f4xx_hal_gpio.o
 .debug_macro   0x0000000000015c2c      0x21a ./Drivers/STM32F4xx_HAL_Driver/Src/stm32f4xx_hal_i2c.o
 .debug_macro   0x0000000000015e46      0x1f7 ./Drivers/STM32F4xx_HAL_Driver/Src/stm32f4xx_hal_rcc.o
 .debug_macro   0x000000000001603d      0x1d4 ./Drivers/STM32F4xx_HAL_Driver/Src/stm32f4xx_hal_uart.o

.debug_line     0x0000000000000000     0xdac9
 .debug_line    0x0000000000000000      0xa4a ./Core/Src/main.o
 .debug_line    0x0000000000000a4a      0x824 ./Core/Src/oled_fonts.o
 .debug_line    0x000000000000126e      0xd00 ./Core/Src/oled_functions.o
 .debug_line    0x0000000000001f6e      0x929 ./Core/Src/oled_gram.o
 .debug_line    0x0000000000002897      0xa2d ./Core/Src/oled_init.o
 .debug_line    0x00000000000032c4      0x753 ./Core/Src/stm32f4xx_hal_msp.o
 .debug_line    0x0000000000003a17      0x77a ./Core/Src/stm32f4xx_it.o
 .debug_line    0x0000000000004191      0x739 ./Core/Src/system_stm32f4xx.o
 .debug_line    0x00000000000048ca       0x88 ./Core/Startup/startup_stm32f411retx.o
 .debug_line    0x0000000000004952      0x99f ./Drivers/STM32F4xx_HAL_Driver/Src/stm32f4xx_hal.o
 .debug_line    0x00000000000052f1      0xc4e ./Drivers/STM32F4xx_HAL_Driver/Src/stm32f4xx_hal_cortex.o
 .debug_line    0x0000000000005f3f      0xad7 ./Drivers/STM32F4xx_HAL_Driver/Src/stm32f4xx_hal_gpio.o
 .debug_line    0x0000000000006a16     0x3954 ./Drivers/STM32F4xx_HAL_Driver/Src/stm32f4xx_hal_i2c.o
 .debug_line    0x000000000000a36a      0xd1b ./Drivers/STM32F4xx_HAL_Driver/Src/stm32f4xx_hal_rcc.o
 .debug_line    0x000000000000b085     0x2a44 ./Drivers/STM32F4xx_HAL_Driver/Src/stm32f4xx_hal_uart.o

.debug_str      0x0000000000000000    0x87504
 .debug_str     0x0000000000000000    0x84c07 ./Core/Src/main.o
                                      0x84f24 (size before relaxing)
 .debug_str     0x0000000000084c07       0x83 ./Core/Src/oled_fonts.o
                                      0x8417f (size before relaxing)
 .debug_str     0x0000000000084c8a      0x145 ./Core/Src/oled_functions.o
                                      0x84447 (size before relaxing)
 .debug_str     0x0000000000084dcf       0x96 ./Core/Src/oled_gram.o
                                      0x84272 (size before relaxing)
 .debug_str     0x0000000000084e65      0x315 ./Core/Src/oled_init.o
                                      0x84a5b (size before relaxing)
 .debug_str     0x000000000008517a       0xaa ./Core/Src/stm32f4xx_hal_msp.o
                                      0x81c7b (size before relaxing)
 .debug_str     0x0000000000085224       0xc9 ./Core/Src/stm32f4xx_it.o
                                      0x8143e (size before relaxing)
 .debug_str     0x00000000000852ed       0xdb ./Core/Src/system_stm32f4xx.o
                                      0x81454 (size before relaxing)
 .debug_str     0x00000000000853c8       0x36 ./Core/Startup/startup_stm32f411retx.o
                                         0x90 (size before relaxing)
 .debug_str     0x00000000000853fe      0x99b ./Drivers/STM32F4xx_HAL_Driver/Src/stm32f4xx_hal.o
                                      0x81e80 (size before relaxing)
 .debug_str     0x0000000000085d99      0x354 ./Drivers/STM32F4xx_HAL_Driver/Src/stm32f4xx_hal_cortex.o
                                      0x81ba1 (size before relaxing)
 .debug_str     0x00000000000860ed      0x121 ./Drivers/STM32F4xx_HAL_Driver/Src/stm32f4xx_hal_gpio.o
                                      0x815cf (size before relaxing)
 .debug_str     0x000000000008620e      0xae1 ./Drivers/STM32F4xx_HAL_Driver/Src/stm32f4xx_hal_i2c.o
                                      0x82412 (size before relaxing)
 .debug_str     0x0000000000086cef      0x213 ./Drivers/STM32F4xx_HAL_Driver/Src/stm32f4xx_hal_rcc.o
                                      0x81888 (size before relaxing)
 .debug_str     0x0000000000086f02      0x602 ./Drivers/STM32F4xx_HAL_Driver/Src/stm32f4xx_hal_uart.o
                                      0x81e15 (size before relaxing)

.comment        0x0000000000000000       0x50
 .comment       0x0000000000000000       0x50 ./Core/Src/main.o
                                         0x51 (size before relaxing)
 .comment       0x0000000000000050       0x51 ./Core/Src/oled_fonts.o
 .comment       0x0000000000000050       0x51 ./Core/Src/oled_functions.o
 .comment       0x0000000000000050       0x51 ./Core/Src/oled_gram.o
 .comment       0x0000000000000050       0x51 ./Core/Src/oled_init.o
 .comment       0x0000000000000050       0x51 ./Core/Src/stm32f4xx_hal_msp.o
 .comment       0x0000000000000050       0x51 ./Core/Src/stm32f4xx_it.o
 .comment       0x0000000000000050       0x51 ./Core/Src/system_stm32f4xx.o
 .comment       0x0000000000000050       0x51 ./Drivers/STM32F4xx_HAL_Driver/Src/stm32f4xx_hal.o
 .comment       0x0000000000000050       0x51 ./Drivers/STM32F4xx_HAL_Driver/Src/stm32f4xx_hal_cortex.o
 .comment       0x0000000000000050       0x51 ./Drivers/STM32F4xx_HAL_Driver/Src/stm32f4xx_hal_gpio.o
 .comment       0x0000000000000050       0x51 ./Drivers/STM32F4xx_HAL_Driver/Src/stm32f4xx_hal_i2c.o
 .comment       0x0000000000000050       0x51 ./Drivers/STM32F4xx_HAL_Driver/Src/stm32f4xx_hal_rcc.o
 .comment       0x0000000000000050       0x51 ./Drivers/STM32F4xx_HAL_Driver/Src/stm32f4xx_hal_uart.o

.debug_frame    0x0000000000000000     0x2968
 .debug_frame   0x0000000000000000       0xc8 ./Core/Src/main.o
 .debug_frame   0x00000000000000c8       0x38 ./Core/Src/oled_fonts.o
 .debug_frame   0x0000000000000100      0x194 ./Core/Src/oled_functions.o
 .debug_frame   0x0000000000000294      0x118 ./Core/Src/oled_gram.o
 .debug_frame   0x00000000000003ac      0x1f4 ./Core/Src/oled_init.o
 .debug_frame   0x00000000000005a0       0xc4 ./Core/Src/stm32f4xx_hal_msp.o
 .debug_frame   0x0000000000000664      0x104 ./Core/Src/stm32f4xx_it.o
 .debug_frame   0x0000000000000768       0x58 ./Core/Src/system_stm32f4xx.o
 .debug_frame   0x00000000000007c0      0x374 ./Drivers/STM32F4xx_HAL_Driver/Src/stm32f4xx_hal.o
 .debug_frame   0x0000000000000b34      0x498 ./Drivers/STM32F4xx_HAL_Driver/Src/stm32f4xx_hal_cortex.o
 .debug_frame   0x0000000000000fcc      0x14c ./Drivers/STM32F4xx_HAL_Driver/Src/stm32f4xx_hal_gpio.o
 .debug_frame   0x0000000000001118      0xc5c ./Drivers/STM32F4xx_HAL_Driver/Src/stm32f4xx_hal_i2c.o
 .debug_frame   0x0000000000001d74      0x1f4 ./Drivers/STM32F4xx_HAL_Driver/Src/stm32f4xx_hal_rcc.o
 .debug_frame   0x0000000000001f68      0x92c ./Drivers/STM32F4xx_HAL_Driver/Src/stm32f4xx_hal_uart.o
 .debug_frame   0x0000000000002894       0x2c d:/stm32cubeide_1.11.2/stm32cubeide/plugins/com.st.stm32cube.ide.mcu.externaltools.gnu-tools-for-stm32.10.3-2021.10.win32_1.0.100.202210260954/tools/bin/../lib/gcc/arm-none-eabi/10.3.1/../../../../arm-none-eabi/lib/thumb/v7e-m+fp/hard\libc_nano.a(lib_a-init.o)
 .debug_frame   0x00000000000028c0       0x28 d:/stm32cubeide_1.11.2/stm32cubeide/plugins/com.st.stm32cube.ide.mcu.externaltools.gnu-tools-for-stm32.10.3-2021.10.win32_1.0.100.202210260954/tools/bin/../lib/gcc/arm-none-eabi/10.3.1/../../../../arm-none-eabi/lib/thumb/v7e-m+fp/hard\libc_nano.a(lib_a-memcpy-stub.o)
 .debug_frame   0x00000000000028e8       0x20 d:/stm32cubeide_1.11.2/stm32cubeide/plugins/com.st.stm32cube.ide.mcu.externaltools.gnu-tools-for-stm32.10.3-2021.10.win32_1.0.100.202210260954/tools/bin/../lib/gcc/arm-none-eabi/10.3.1/../../../../arm-none-eabi/lib/thumb/v7e-m+fp/hard\libc_nano.a(lib_a-memset.o)
 .debug_frame   0x0000000000002908       0x2c d:/stm32cubeide_1.11.2/stm32cubeide/plugins/com.st.stm32cube.ide.mcu.externaltools.gnu-tools-for-stm32.10.3-2021.10.win32_1.0.100.202210260954/tools/bin/../lib/gcc/arm-none-eabi/10.3.1/thumb/v7e-m+fp/hard\libgcc.a(_aeabi_uldivmod.o)
 .debug_frame   0x0000000000002934       0x34 d:/stm32cubeide_1.11.2/stm32cubeide/plugins/com.st.stm32cube.ide.mcu.externaltools.gnu-tools-for-stm32.10.3-2021.10.win32_1.0.100.202210260954/tools/bin/../lib/gcc/arm-none-eabi/10.3.1/thumb/v7e-m+fp/hard\libgcc.a(_udivmoddi4.o)
