../Core/Src/main.c:78:5:main	32	static
../Core/Src/main.c:159:6:SystemClock_Config	96	static
../Core/Src/main.c:220:13:MX_ADC1_Init	32	static
../Core/Src/main.c:314:13:MX_TIM1_Init	96	static
../Core/Src/main.c:388:13:MX_TIM2_Init	40	static
../Core/Src/main.c:433:13:MX_USART2_UART_Init	8	static
../Core/Src/main.c:466:13:MX_DMA_Init	16	static
../Core/Src/main.c:484:13:MX_GPIO_Init	40	static
../Core/Src/main.c:516:6:LineDetectionFeedback	8	static
../Core/Src/main.c:534:6:Error_Handler	4	static,ignoring_inline_asm
