../Core/Src/main.c:78:5:main	72	static
../Core/Src/main.c:177:6:SystemClock_Config	96	static
../Core/Src/main.c:238:13:MX_ADC1_Init	32	static
../Core/Src/main.c:332:13:MX_TIM1_Init	96	static
../Core/Src/main.c:406:13:MX_TIM2_Init	40	static
../Core/Src/main.c:451:13:MX_USART2_UART_Init	8	static
../Core/Src/main.c:484:13:MX_DMA_Init	16	static
../Core/Src/main.c:502:13:MX_GPIO_Init	40	static
../Core/Src/main.c:534:6:LineDetectionFeedback	8	static
../Core/Src/main.c:552:6:Error_Handler	4	static,ignoring_inline_asm
