../Core/Src/oled_init.c:44:6:SSD1306_ScrollRight	16	static
../Core/Src/oled_init.c:57:6:SSD1306_ScrollLeft	16	static
../Core/Src/oled_init.c:70:6:SSD1306_Scrolldiagright	16	static
../Core/Src/oled_init.c:86:6:SSD1306_Scrolldiagleft	16	static
../Core/Src/oled_init.c:102:6:SSD1306_Stopscroll	8	static
../Core/Src/oled_init.c:110:6:SSD1306_SetXY	16	static
../Core/Src/oled_init.c:116:6:SSD1306_GetXY	16	static
../Core/Src/oled_init.c:125:6:SSD1306_InvertDisplay	16	static
../Core/Src/oled_init.c:133:9:SSD1306_Init	16	static
../Core/Src/oled_init.c:199:6:SSD1306_UpdateScreen	16	static
../Core/Src/oled_init.c:212:6:SSD1306_ToggleInvert	16	static
../Core/Src/oled_init.c:224:6:SSD1306_Fill	16	static
../Core/Src/oled_init.c:233:6:SSD1306_DrawPixel	16	static
../Core/Src/oled_init.c:258:6:SSD1306_Clear	8	static
../Core/Src/oled_init.c:263:6:SSD1306_ON	8	static
../Core/Src/oled_init.c:268:6:SSD1306_OFF	8	static
../Core/Src/oled_init.c:284:6:ssd1306_I2C_Init	16	static
../Core/Src/oled_init.c:296:6:ssd1306_I2C_WriteMulti	296	static
../Core/Src/oled_init.c:306:6:ssd1306_I2C_Write	32	static
